<?xml version="1.0" encoding="UTF-8"?>
<TestRun id="c27b4bc9-3794-4420-a7a3-c3e8581e34e6" name="asugak@WS152 2012-03-05 15:19:37" runUser="ECLIPSESP\asugak" xmlns="http://microsoft.com/schemas/VisualStudio/TeamTest/2010">
  <TestSettings name="Local" id="cea19d41-6cbd-46b6-b1ad-ed83a2b7d7fb">
    <Description>These are default test settings for a local test run.</Description>
    <Deployment enabled="false" runDeploymentRoot="asugak_WS152 2012-03-05 15_19_37">
      <DeploymentItem filename="C:\Users\asugak\Dropbox\Code\EComWithCQRS\ECom.Bus\bin\Debug\ECom.Bus.dll" />
      <DeploymentItem filename="C:\Users\asugak\Dropbox\Code\EComWithCQRS\ECom.Messages\bin\Debug\ECom.Messages.dll" />
      <DeploymentItem filename="C:\Users\asugak\Dropbox\Code\EComWithCQRS\ECom.EventStore.SQL\bin\Debug\ECom.EventStore.SQL.dll" />
      <DeploymentItem filename="C:\Users\asugak\Dropbox\Code\EComWithCQRS\ECom.CommandHandlers\bin\Debug\ECom.CommandHandlers.dll" />
      <DeploymentItem filename="C:\Users\asugak\Dropbox\Code\EComWithCQRS\ECom.Domain\bin\Debug\ECom.Domain.dll" />
      <DeploymentItem filename="C:\Users\asugak\Dropbox\Code\EComWithCQRS\ECom.Domain.Catalog\bin\Debug\ECom.Domain.Catalog.dll" />
      <DeploymentItem filename="C:\Users\asugak\Dropbox\Code\EComWithCQRS\ECom.Domain.Order\bin\Debug\ECom.Domain.Order.dll" />
      <DeploymentItem filename="C:\Users\asugak\Dropbox\Code\EComWithCQRS\ECom.Utility\bin\Debug\ECom.Utility.dll" />
    </Deployment>
    <Execution>
      <TestTypeSpecific />
      <AgentRule name="Execution Agents">
      </AgentRule>
    </Execution>
  </TestSettings>
  <Times creation="2012-03-05T15:19:37.1760044+02:00" queuing="2012-03-05T15:19:45.1345958+02:00" start="2012-03-05T15:19:45.2706230+02:00" finish="2012-03-05T15:20:04.6730027+02:00" />
  <ResultSummary outcome="Failed">
    <Counters total="20" executed="20" passed="19" error="0" failed="1" timeout="0" aborted="0" inconclusive="0" passedButRunAborted="0" notRunnable="0" notExecuted="0" disconnected="0" warning="0" completed="0" inProgress="0" pending="0" />
  </ResultSummary>
  <TestDefinitions>
    <UnitTest name="when_changing_product_price" storage="c:\users\asugak\dropbox\code\ecomwithcqrs\ecom.commandhandlers.tests\bin\debug\ecom.commandhandlers.tests.dll" id="0c6bd7af-3789-9607-838d-b05fc875a16c">
      <Execution id="7ce6a593-cc33-4a2b-aad6-e9fd83e2d904" />
      <TestMethod codeBase="C:/Users/asugak/Dropbox/Code/EComWithCQRS/ECom.CommandHandlers.Tests/bin/Debug/ECom.CommandHandlers.Tests.DLL" adapterTypeName="Microsoft.VisualStudio.TestTools.TestTypes.Unit.UnitTestAdapter, Microsoft.VisualStudio.QualityTools.Tips.UnitTest.Adapter, Version=10.0.0.0, Culture=neutral, PublicKeyToken=b03f5f7f11d50a3a" className="ECom.CommandHandlers.Tests.Specifications.ChangeProductPriceTests, ECom.CommandHandlers.Tests, Version=1.0.0.0, Culture=neutral, PublicKeyToken=null" name="when_changing_product_price" />
    </UnitTest>
    <UnitTest name="ArgumentChecker_PassedEmptyString_ShouldThrowException" storage="c:\users\asugak\dropbox\code\ecomwithcqrs\ecom.utility.tests\bin\debug\ecom.utility.tests.dll" id="2383f518-7878-0165-501a-9a3b5957cce9">
      <Execution id="a4e38119-40ca-428b-93e2-2bfff649f5c3" />
      <TestMethod codeBase="C:/Users/asugak/Dropbox/Code/EComWithCQRS/ECom.Utility.Tests/bin/Debug/ECom.Utility.Tests.DLL" adapterTypeName="Microsoft.VisualStudio.TestTools.TestTypes.Unit.UnitTestAdapter, Microsoft.VisualStudio.QualityTools.Tips.UnitTest.Adapter, Version=10.0.0.0, Culture=neutral, PublicKeyToken=b03f5f7f11d50a3a" className="ECom.Utility.Tests.ArgumentCheckerTests, ECom.Utility.Tests, Version=1.0.0.0, Culture=neutral, PublicKeyToken=null" name="ArgumentChecker_PassedEmptyString_ShouldThrowException" />
    </UnitTest>
    <UnitTest name="when_adding_valid_product" storage="c:\users\asugak\dropbox\code\ecomwithcqrs\ecom.commandhandlers.tests\bin\debug\ecom.commandhandlers.tests.dll" id="e47bac22-9313-95c1-8151-a4b19e6012b5">
      <Execution id="5576e481-3af3-4fc2-80b3-422978b0b1b2" />
      <TestMethod codeBase="C:/Users/asugak/Dropbox/Code/EComWithCQRS/ECom.CommandHandlers.Tests/bin/Debug/ECom.CommandHandlers.Tests.DLL" adapterTypeName="Microsoft.VisualStudio.TestTools.TestTypes.Unit.UnitTestAdapter, Microsoft.VisualStudio.QualityTools.Tips.UnitTest.Adapter, Version=10.0.0.0, Culture=neutral, PublicKeyToken=b03f5f7f11d50a3a" className="ECom.CommandHandlers.Tests.Specifications.CreateProductTests, ECom.CommandHandlers.Tests, Version=1.0.0.0, Culture=neutral, PublicKeyToken=null" name="when_adding_valid_product" />
    </UnitTest>
    <UnitTest name="ArgumentChecker_PassedNullStringExpression_ShouldThrowException" storage="c:\users\asugak\dropbox\code\ecomwithcqrs\ecom.utility.tests\bin\debug\ecom.utility.tests.dll" id="5aee6dcf-9313-de42-fbdf-f6fdfb7ede5b">
      <Execution id="c2d85f27-8f45-4886-aed0-a448eb007bf8" />
      <TestMethod codeBase="C:/Users/asugak/Dropbox/Code/EComWithCQRS/ECom.Utility.Tests/bin/Debug/ECom.Utility.Tests.DLL" adapterTypeName="Microsoft.VisualStudio.TestTools.TestTypes.Unit.UnitTestAdapter, Microsoft.VisualStudio.QualityTools.Tips.UnitTest.Adapter, Version=10.0.0.0, Culture=neutral, PublicKeyToken=b03f5f7f11d50a3a" className="ECom.Utility.Tests.ArgumentCheckerTests, ECom.Utility.Tests, Version=1.0.0.0, Culture=neutral, PublicKeyToken=null" name="ArgumentChecker_PassedNullStringExpression_ShouldThrowException" />
    </UnitTest>
    <UnitTest name="EventsComparer_SameSingleEventsWithDifferentProperties_NotSame" storage="c:\users\asugak\dropbox\code\ecomwithcqrs\ecom.commandhandlers.tests\bin\debug\ecom.commandhandlers.tests.dll" id="cc87ae18-443d-1278-61de-0980b79c60c3">
      <Execution id="9961e42c-1d87-4b09-876d-8c8fcedec519" />
      <TestMethod codeBase="C:/Users/asugak/Dropbox/Code/EComWithCQRS/ECom.CommandHandlers.Tests/bin/Debug/ECom.CommandHandlers.Tests.DLL" adapterTypeName="Microsoft.VisualStudio.TestTools.TestTypes.Unit.UnitTestAdapter, Microsoft.VisualStudio.QualityTools.Tips.UnitTest.Adapter, Version=10.0.0.0, Culture=neutral, PublicKeyToken=b03f5f7f11d50a3a" className="ECom.CommandHandlers.Tests.EventsComparerTests, ECom.CommandHandlers.Tests, Version=1.0.0.0, Culture=neutral, PublicKeyToken=null" name="EventsComparer_SameSingleEventsWithDifferentProperties_NotSame" />
    </UnitTest>
    <UnitTest name="ArgumentChecker_PassedNullString_ShouldThrowException" storage="c:\users\asugak\dropbox\code\ecomwithcqrs\ecom.utility.tests\bin\debug\ecom.utility.tests.dll" id="36c931ce-f29e-c43a-4ea7-07092f8ff6a6">
      <Execution id="5eb36b1b-242e-48a3-9b83-68fce87cd4d0" />
      <TestMethod codeBase="C:/Users/asugak/Dropbox/Code/EComWithCQRS/ECom.Utility.Tests/bin/Debug/ECom.Utility.Tests.DLL" adapterTypeName="Microsoft.VisualStudio.TestTools.TestTypes.Unit.UnitTestAdapter, Microsoft.VisualStudio.QualityTools.Tips.UnitTest.Adapter, Version=10.0.0.0, Culture=neutral, PublicKeyToken=b03f5f7f11d50a3a" className="ECom.Utility.Tests.ArgumentCheckerTests, ECom.Utility.Tests, Version=1.0.0.0, Culture=neutral, PublicKeyToken=null" name="ArgumentChecker_PassedNullString_ShouldThrowException" />
    </UnitTest>
    <UnitTest name="when_changing_price_of_not_existing_product" storage="c:\users\asugak\dropbox\code\ecomwithcqrs\ecom.commandhandlers.tests\bin\debug\ecom.commandhandlers.tests.dll" id="aed6500c-3dca-8cc4-3690-70265701d3d7">
      <Execution id="5ace434e-21af-4d34-b35a-3c600a0a158e" />
      <TestMethod codeBase="C:/Users/asugak/Dropbox/Code/EComWithCQRS/ECom.CommandHandlers.Tests/bin/Debug/ECom.CommandHandlers.Tests.DLL" adapterTypeName="Microsoft.VisualStudio.TestTools.TestTypes.Unit.UnitTestAdapter, Microsoft.VisualStudio.QualityTools.Tips.UnitTest.Adapter, Version=10.0.0.0, Culture=neutral, PublicKeyToken=b03f5f7f11d50a3a" className="ECom.CommandHandlers.Tests.Specifications.ChangeProductPriceTests, ECom.CommandHandlers.Tests, Version=1.0.0.0, Culture=neutral, PublicKeyToken=null" name="when_changing_price_of_not_existing_product" />
    </UnitTest>
    <UnitTest name="ArgumentChecker_PassedNotEmptyStringExpression_ShouldNotThrowException" storage="c:\users\asugak\dropbox\code\ecomwithcqrs\ecom.utility.tests\bin\debug\ecom.utility.tests.dll" id="123ab6d0-576e-7238-28bb-af69756167c3">
      <Execution id="4f4a7166-c197-41ab-ad4d-fca03ef752cd" />
      <TestMethod codeBase="C:/Users/asugak/Dropbox/Code/EComWithCQRS/ECom.Utility.Tests/bin/Debug/ECom.Utility.Tests.DLL" adapterTypeName="Microsoft.VisualStudio.TestTools.TestTypes.Unit.UnitTestAdapter, Microsoft.VisualStudio.QualityTools.Tips.UnitTest.Adapter, Version=10.0.0.0, Culture=neutral, PublicKeyToken=b03f5f7f11d50a3a" className="ECom.Utility.Tests.ArgumentCheckerTests, ECom.Utility.Tests, Version=1.0.0.0, Culture=neutral, PublicKeyToken=null" name="ArgumentChecker_PassedNotEmptyStringExpression_ShouldNotThrowException" />
    </UnitTest>
    <UnitTest name="ArgumentChecker_PassedEmptyStringExpression_ShouldThrowException" storage="c:\users\asugak\dropbox\code\ecomwithcqrs\ecom.utility.tests\bin\debug\ecom.utility.tests.dll" id="94ce33ea-ea21-1395-d5f4-8651fd575a21">
      <Execution id="ebf597fa-92e4-4349-b241-c086836b3da9" />
      <TestMethod codeBase="C:/Users/asugak/Dropbox/Code/EComWithCQRS/ECom.Utility.Tests/bin/Debug/ECom.Utility.Tests.DLL" adapterTypeName="Microsoft.VisualStudio.TestTools.TestTypes.Unit.UnitTestAdapter, Microsoft.VisualStudio.QualityTools.Tips.UnitTest.Adapter, Version=10.0.0.0, Culture=neutral, PublicKeyToken=b03f5f7f11d50a3a" className="ECom.Utility.Tests.ArgumentCheckerTests, ECom.Utility.Tests, Version=1.0.0.0, Culture=neutral, PublicKeyToken=null" name="ArgumentChecker_PassedEmptyStringExpression_ShouldThrowException" />
    </UnitTest>
    <UnitTest name="EventsComparer_DifferentNumbersOfEvents_NotSame" storage="c:\users\asugak\dropbox\code\ecomwithcqrs\ecom.commandhandlers.tests\bin\debug\ecom.commandhandlers.tests.dll" id="89f62966-d0a4-5c92-f709-a7e4048d3967">
      <Execution id="5c3c5f99-2171-4b2b-8b3c-643156887b82" />
      <TestMethod codeBase="C:/Users/asugak/Dropbox/Code/EComWithCQRS/ECom.CommandHandlers.Tests/bin/Debug/ECom.CommandHandlers.Tests.DLL" adapterTypeName="Microsoft.VisualStudio.TestTools.TestTypes.Unit.UnitTestAdapter, Microsoft.VisualStudio.QualityTools.Tips.UnitTest.Adapter, Version=10.0.0.0, Culture=neutral, PublicKeyToken=b03f5f7f11d50a3a" className="ECom.CommandHandlers.Tests.EventsComparerTests, ECom.CommandHandlers.Tests, Version=1.0.0.0, Culture=neutral, PublicKeyToken=null" name="EventsComparer_DifferentNumbersOfEvents_NotSame" />
    </UnitTest>
    <UnitTest name="ArgumentChecker_PassedNullExpression_ShouldThrowException" storage="c:\users\asugak\dropbox\code\ecomwithcqrs\ecom.utility.tests\bin\debug\ecom.utility.tests.dll" id="4c848af4-d456-1cc3-681a-a327cbf81ab0">
      <Execution id="95e11c93-1e8e-413b-9de9-ba2637bb9f85" />
      <TestMethod codeBase="C:/Users/asugak/Dropbox/Code/EComWithCQRS/ECom.Utility.Tests/bin/Debug/ECom.Utility.Tests.DLL" adapterTypeName="Microsoft.VisualStudio.TestTools.TestTypes.Unit.UnitTestAdapter, Microsoft.VisualStudio.QualityTools.Tips.UnitTest.Adapter, Version=10.0.0.0, Culture=neutral, PublicKeyToken=b03f5f7f11d50a3a" className="ECom.Utility.Tests.ArgumentCheckerTests, ECom.Utility.Tests, Version=1.0.0.0, Culture=neutral, PublicKeyToken=null" name="ArgumentChecker_PassedNullExpression_ShouldThrowException" />
    </UnitTest>
    <UnitTest name="ArgumentChecker_PassedWhiteSpaceStringExpression_ShouldThrowException" storage="c:\users\asugak\dropbox\code\ecomwithcqrs\ecom.utility.tests\bin\debug\ecom.utility.tests.dll" id="8b730576-1e8b-e7f7-697f-4b341fbbfc81">
      <Execution id="34e3651a-0969-41a7-a6f8-10e73049fb5d" />
      <TestMethod codeBase="C:/Users/asugak/Dropbox/Code/EComWithCQRS/ECom.Utility.Tests/bin/Debug/ECom.Utility.Tests.DLL" adapterTypeName="Microsoft.VisualStudio.TestTools.TestTypes.Unit.UnitTestAdapter, Microsoft.VisualStudio.QualityTools.Tips.UnitTest.Adapter, Version=10.0.0.0, Culture=neutral, PublicKeyToken=b03f5f7f11d50a3a" className="ECom.Utility.Tests.ArgumentCheckerTests, ECom.Utility.Tests, Version=1.0.0.0, Culture=neutral, PublicKeyToken=null" name="ArgumentChecker_PassedWhiteSpaceStringExpression_ShouldThrowException" />
    </UnitTest>
    <UnitTest name="TestEvent_Save" storage="c:\users\asugak\dropbox\code\ecomwithcqrs\ecom.eventstore.sql.tests\bin\debug\ecom.eventstore.sql.tests.dll" id="9a884da1-4716-4b26-5f0b-be22b069e655">
      <Execution id="214edeae-9956-45a3-a932-230d4e12566f" />
      <TestMethod codeBase="C:/Users/asugak/Dropbox/Code/EComWithCQRS/ECom.EventStore.SQL.Tests/bin/Debug/ECom.EventStore.SQL.Tests.DLL" adapterTypeName="Microsoft.VisualStudio.TestTools.TestTypes.Unit.UnitTestAdapter, Microsoft.VisualStudio.QualityTools.Tips.UnitTest.Adapter, Version=10.0.0.0, Culture=neutral, PublicKeyToken=b03f5f7f11d50a3a" className="ECom.EventStore.SQL.Tests.IntegrationTests, ECom.EventStore.SQL.Tests, Version=1.0.0.0, Culture=neutral, PublicKeyToken=null" name="TestEvent_Save" />
    </UnitTest>
    <UnitTest name="ArgumentChecker_PassedWhiteSpaceString_ShouldThrowException" storage="c:\users\asugak\dropbox\code\ecomwithcqrs\ecom.utility.tests\bin\debug\ecom.utility.tests.dll" id="059db0a2-88ba-f772-5484-000f779b9348">
      <Execution id="33776b74-09d0-47cc-bbd4-c81b3943d415" />
      <TestMethod codeBase="C:/Users/asugak/Dropbox/Code/EComWithCQRS/ECom.Utility.Tests/bin/Debug/ECom.Utility.Tests.DLL" adapterTypeName="Microsoft.VisualStudio.TestTools.TestTypes.Unit.UnitTestAdapter, Microsoft.VisualStudio.QualityTools.Tips.UnitTest.Adapter, Version=10.0.0.0, Culture=neutral, PublicKeyToken=b03f5f7f11d50a3a" className="ECom.Utility.Tests.ArgumentCheckerTests, ECom.Utility.Tests, Version=1.0.0.0, Culture=neutral, PublicKeyToken=null" name="ArgumentChecker_PassedWhiteSpaceString_ShouldThrowException" />
    </UnitTest>
    <UnitTest name="EventsComparer_SameSingleEvents_AreSame" storage="c:\users\asugak\dropbox\code\ecomwithcqrs\ecom.commandhandlers.tests\bin\debug\ecom.commandhandlers.tests.dll" id="d1b9004e-b599-72a8-de1a-8759bb05909d">
      <Execution id="b20f3dfe-d243-4f07-853e-c2d1885e312d" />
      <TestMethod codeBase="C:/Users/asugak/Dropbox/Code/EComWithCQRS/ECom.CommandHandlers.Tests/bin/Debug/ECom.CommandHandlers.Tests.DLL" adapterTypeName="Microsoft.VisualStudio.TestTools.TestTypes.Unit.UnitTestAdapter, Microsoft.VisualStudio.QualityTools.Tips.UnitTest.Adapter, Version=10.0.0.0, Culture=neutral, PublicKeyToken=b03f5f7f11d50a3a" className="ECom.CommandHandlers.Tests.EventsComparerTests, ECom.CommandHandlers.Tests, Version=1.0.0.0, Culture=neutral, PublicKeyToken=null" name="EventsComparer_SameSingleEvents_AreSame" />
    </UnitTest>
    <UnitTest name="ArgumentChecker_PassedEmptyGuidStringExpression_ShouldThrowException" storage="c:\users\asugak\dropbox\code\ecomwithcqrs\ecom.utility.tests\bin\debug\ecom.utility.tests.dll" id="de84f97e-6e54-3a63-597a-08f1ccab04cb">
      <Execution id="8e8dfdd4-8353-4fed-8608-08aa8286c876" />
      <TestMethod codeBase="C:/Users/asugak/Dropbox/Code/EComWithCQRS/ECom.Utility.Tests/bin/Debug/ECom.Utility.Tests.DLL" adapterTypeName="Microsoft.VisualStudio.TestTools.TestTypes.Unit.UnitTestAdapter, Microsoft.VisualStudio.QualityTools.Tips.UnitTest.Adapter, Version=10.0.0.0, Culture=neutral, PublicKeyToken=b03f5f7f11d50a3a" className="ECom.Utility.Tests.ArgumentCheckerTests, ECom.Utility.Tests, Version=1.0.0.0, Culture=neutral, PublicKeyToken=null" name="ArgumentChecker_PassedEmptyGuidStringExpression_ShouldThrowException" />
    </UnitTest>
    <UnitTest name="ArgumentChecker_PassedNotEmptyGuidExpression_ShouldNotThrowException" storage="c:\users\asugak\dropbox\code\ecomwithcqrs\ecom.utility.tests\bin\debug\ecom.utility.tests.dll" id="0116cc0b-e067-4c42-c988-6271e1c0d153">
      <Execution id="4eddd43e-79c7-41dd-a493-6f9a0f0901bb" />
      <TestMethod codeBase="C:/Users/asugak/Dropbox/Code/EComWithCQRS/ECom.Utility.Tests/bin/Debug/ECom.Utility.Tests.DLL" adapterTypeName="Microsoft.VisualStudio.TestTools.TestTypes.Unit.UnitTestAdapter, Microsoft.VisualStudio.QualityTools.Tips.UnitTest.Adapter, Version=10.0.0.0, Culture=neutral, PublicKeyToken=b03f5f7f11d50a3a" className="ECom.Utility.Tests.ArgumentCheckerTests, ECom.Utility.Tests, Version=1.0.0.0, Culture=neutral, PublicKeyToken=null" name="ArgumentChecker_PassedNotEmptyGuidExpression_ShouldNotThrowException" />
    </UnitTest>
    <UnitTest name="EventsComparer_TwoEmptyListsOfEvents_AreSame" storage="c:\users\asugak\dropbox\code\ecomwithcqrs\ecom.commandhandlers.tests\bin\debug\ecom.commandhandlers.tests.dll" id="5fde20ee-544b-dcda-a8b3-ad7013905089">
      <Execution id="2c4735dc-01cf-44de-a408-9b73986f3390" />
      <TestMethod codeBase="C:/Users/asugak/Dropbox/Code/EComWithCQRS/ECom.CommandHandlers.Tests/bin/Debug/ECom.CommandHandlers.Tests.DLL" adapterTypeName="Microsoft.VisualStudio.TestTools.TestTypes.Unit.UnitTestAdapter, Microsoft.VisualStudio.QualityTools.Tips.UnitTest.Adapter, Version=10.0.0.0, Culture=neutral, PublicKeyToken=b03f5f7f11d50a3a" className="ECom.CommandHandlers.Tests.EventsComparerTests, ECom.CommandHandlers.Tests, Version=1.0.0.0, Culture=neutral, PublicKeyToken=null" name="EventsComparer_TwoEmptyListsOfEvents_AreSame" />
    </UnitTest>
    <UnitTest name="ArgumentChecker_PassedNotNullObjectExpression_ShouldNotThrowException" storage="c:\users\asugak\dropbox\code\ecomwithcqrs\ecom.utility.tests\bin\debug\ecom.utility.tests.dll" id="ea89121b-635d-81f6-b7fe-d4136b6c39f8">
      <Execution id="7933de71-d542-48a6-90ca-9f45537b4362" />
      <TestMethod codeBase="C:/Users/asugak/Dropbox/Code/EComWithCQRS/ECom.Utility.Tests/bin/Debug/ECom.Utility.Tests.DLL" adapterTypeName="Microsoft.VisualStudio.TestTools.TestTypes.Unit.UnitTestAdapter, Microsoft.VisualStudio.QualityTools.Tips.UnitTest.Adapter, Version=10.0.0.0, Culture=neutral, PublicKeyToken=b03f5f7f11d50a3a" className="ECom.Utility.Tests.ArgumentCheckerTests, ECom.Utility.Tests, Version=1.0.0.0, Culture=neutral, PublicKeyToken=null" name="ArgumentChecker_PassedNotNullObjectExpression_ShouldNotThrowException" />
    </UnitTest>
    <UnitTest name="ArgumentChecker_PassedNull_ShouldThrowException" storage="c:\users\asugak\dropbox\code\ecomwithcqrs\ecom.utility.tests\bin\debug\ecom.utility.tests.dll" id="dea47f32-3e00-4ddb-1038-378d0269cff2">
      <Execution id="118c2cdd-9497-4163-8f40-efaf1dc78c04" />
      <TestMethod codeBase="C:/Users/asugak/Dropbox/Code/EComWithCQRS/ECom.Utility.Tests/bin/Debug/ECom.Utility.Tests.DLL" adapterTypeName="Microsoft.VisualStudio.TestTools.TestTypes.Unit.UnitTestAdapter, Microsoft.VisualStudio.QualityTools.Tips.UnitTest.Adapter, Version=10.0.0.0, Culture=neutral, PublicKeyToken=b03f5f7f11d50a3a" className="ECom.Utility.Tests.ArgumentCheckerTests, ECom.Utility.Tests, Version=1.0.0.0, Culture=neutral, PublicKeyToken=null" name="ArgumentChecker_PassedNull_ShouldThrowException" />
    </UnitTest>
  </TestDefinitions>
  <TestLists>
    <TestList name="Results Not in a List" id="8c84fa94-04c1-424b-9868-57a2d4851a1d" />
    <TestList name="All Loaded Results" id="19431567-8539-422a-85d7-44ee4e166bda" />
  </TestLists>
  <TestEntries>
    <TestEntry testId="0116cc0b-e067-4c42-c988-6271e1c0d153" executionId="4eddd43e-79c7-41dd-a493-6f9a0f0901bb" testListId="8c84fa94-04c1-424b-9868-57a2d4851a1d" />
    <TestEntry testId="059db0a2-88ba-f772-5484-000f779b9348" executionId="33776b74-09d0-47cc-bbd4-c81b3943d415" testListId="8c84fa94-04c1-424b-9868-57a2d4851a1d" />
    <TestEntry testId="0c6bd7af-3789-9607-838d-b05fc875a16c" executionId="7ce6a593-cc33-4a2b-aad6-e9fd83e2d904" testListId="8c84fa94-04c1-424b-9868-57a2d4851a1d" />
    <TestEntry testId="123ab6d0-576e-7238-28bb-af69756167c3" executionId="4f4a7166-c197-41ab-ad4d-fca03ef752cd" testListId="8c84fa94-04c1-424b-9868-57a2d4851a1d" />
    <TestEntry testId="2383f518-7878-0165-501a-9a3b5957cce9" executionId="a4e38119-40ca-428b-93e2-2bfff649f5c3" testListId="8c84fa94-04c1-424b-9868-57a2d4851a1d" />
    <TestEntry testId="36c931ce-f29e-c43a-4ea7-07092f8ff6a6" executionId="5eb36b1b-242e-48a3-9b83-68fce87cd4d0" testListId="8c84fa94-04c1-424b-9868-57a2d4851a1d" />
    <TestEntry testId="4c848af4-d456-1cc3-681a-a327cbf81ab0" executionId="95e11c93-1e8e-413b-9de9-ba2637bb9f85" testListId="8c84fa94-04c1-424b-9868-57a2d4851a1d" />
    <TestEntry testId="5aee6dcf-9313-de42-fbdf-f6fdfb7ede5b" executionId="c2d85f27-8f45-4886-aed0-a448eb007bf8" testListId="8c84fa94-04c1-424b-9868-57a2d4851a1d" />
    <TestEntry testId="5fde20ee-544b-dcda-a8b3-ad7013905089" executionId="2c4735dc-01cf-44de-a408-9b73986f3390" testListId="8c84fa94-04c1-424b-9868-57a2d4851a1d" />
    <TestEntry testId="89f62966-d0a4-5c92-f709-a7e4048d3967" executionId="5c3c5f99-2171-4b2b-8b3c-643156887b82" testListId="8c84fa94-04c1-424b-9868-57a2d4851a1d" />
    <TestEntry testId="8b730576-1e8b-e7f7-697f-4b341fbbfc81" executionId="34e3651a-0969-41a7-a6f8-10e73049fb5d" testListId="8c84fa94-04c1-424b-9868-57a2d4851a1d" />
    <TestEntry testId="94ce33ea-ea21-1395-d5f4-8651fd575a21" executionId="ebf597fa-92e4-4349-b241-c086836b3da9" testListId="8c84fa94-04c1-424b-9868-57a2d4851a1d" />
    <TestEntry testId="9a884da1-4716-4b26-5f0b-be22b069e655" executionId="214edeae-9956-45a3-a932-230d4e12566f" testListId="8c84fa94-04c1-424b-9868-57a2d4851a1d" />
    <TestEntry testId="aed6500c-3dca-8cc4-3690-70265701d3d7" executionId="5ace434e-21af-4d34-b35a-3c600a0a158e" testListId="8c84fa94-04c1-424b-9868-57a2d4851a1d" />
    <TestEntry testId="cc87ae18-443d-1278-61de-0980b79c60c3" executionId="9961e42c-1d87-4b09-876d-8c8fcedec519" testListId="8c84fa94-04c1-424b-9868-57a2d4851a1d" />
    <TestEntry testId="d1b9004e-b599-72a8-de1a-8759bb05909d" executionId="b20f3dfe-d243-4f07-853e-c2d1885e312d" testListId="8c84fa94-04c1-424b-9868-57a2d4851a1d" />
    <TestEntry testId="de84f97e-6e54-3a63-597a-08f1ccab04cb" executionId="8e8dfdd4-8353-4fed-8608-08aa8286c876" testListId="8c84fa94-04c1-424b-9868-57a2d4851a1d" />
    <TestEntry testId="dea47f32-3e00-4ddb-1038-378d0269cff2" executionId="118c2cdd-9497-4163-8f40-efaf1dc78c04" testListId="8c84fa94-04c1-424b-9868-57a2d4851a1d" />
    <TestEntry testId="e47bac22-9313-95c1-8151-a4b19e6012b5" executionId="5576e481-3af3-4fc2-80b3-422978b0b1b2" testListId="8c84fa94-04c1-424b-9868-57a2d4851a1d" />
    <TestEntry testId="ea89121b-635d-81f6-b7fe-d4136b6c39f8" executionId="7933de71-d542-48a6-90ca-9f45537b4362" testListId="8c84fa94-04c1-424b-9868-57a2d4851a1d" />
  </TestEntries>
  <Results>
    <UnitTestResult executionId="4eddd43e-79c7-41dd-a493-6f9a0f0901bb" testId="0116cc0b-e067-4c42-c988-6271e1c0d153" testName="ArgumentChecker_PassedNotEmptyGuidExpression_ShouldNotThrowException" computerName="WS152" duration="00:00:00.0623133" startTime="2012-03-05T15:19:45.4556600+02:00" endTime="2012-03-05T15:19:46.4133515+02:00" testType="13cdc9d9-ddb5-4fa4-a97d-d965ccfc6d4b" outcome="Passed" testListId="8c84fa94-04c1-424b-9868-57a2d4851a1d" relativeResultsDirectory="4eddd43e-79c7-41dd-a493-6f9a0f0901bb">
    </UnitTestResult>
    <UnitTestResult executionId="33776b74-09d0-47cc-bbd4-c81b3943d415" testId="059db0a2-88ba-f772-5484-000f779b9348" testName="ArgumentChecker_PassedWhiteSpaceString_ShouldThrowException" computerName="WS152" duration="00:00:00.0762710" startTime="2012-03-05T15:19:46.4268542+02:00" endTime="2012-03-05T15:19:46.5103709+02:00" testType="13cdc9d9-ddb5-4fa4-a97d-d965ccfc6d4b" outcome="Passed" testListId="8c84fa94-04c1-424b-9868-57a2d4851a1d" relativeResultsDirectory="33776b74-09d0-47cc-bbd4-c81b3943d415">
    </UnitTestResult>
    <UnitTestResult executionId="7ce6a593-cc33-4a2b-aad6-e9fd83e2d904" testId="0c6bd7af-3789-9607-838d-b05fc875a16c" testName="when_changing_product_price" computerName="WS152" duration="00:00:00.0854200" startTime="2012-03-05T15:19:46.5368762+02:00" endTime="2012-03-05T15:19:46.8719432+02:00" testType="13cdc9d9-ddb5-4fa4-a97d-d965ccfc6d4b" outcome="Passed" testListId="8c84fa94-04c1-424b-9868-57a2d4851a1d" relativeResultsDirectory="7ce6a593-cc33-4a2b-aad6-e9fd83e2d904">
    </UnitTestResult>
    <UnitTestResult executionId="4f4a7166-c197-41ab-ad4d-fca03ef752cd" testId="123ab6d0-576e-7238-28bb-af69756167c3" testName="ArgumentChecker_PassedNotEmptyStringExpression_ShouldNotThrowException" computerName="WS152" duration="00:00:00.0010375" startTime="2012-03-05T15:19:46.8814451+02:00" endTime="2012-03-05T15:19:46.8874463+02:00" testType="13cdc9d9-ddb5-4fa4-a97d-d965ccfc6d4b" outcome="Passed" testListId="8c84fa94-04c1-424b-9868-57a2d4851a1d" relativeResultsDirectory="4f4a7166-c197-41ab-ad4d-fca03ef752cd">
    </UnitTestResult>
    <UnitTestResult executionId="a4e38119-40ca-428b-93e2-2bfff649f5c3" testId="2383f518-7878-0165-501a-9a3b5957cce9" testName="ArgumentChecker_PassedEmptyString_ShouldThrowException" computerName="WS152" duration="00:00:00.0004308" startTime="2012-03-05T15:19:46.8929474+02:00" endTime="2012-03-05T15:19:46.8999488+02:00" testType="13cdc9d9-ddb5-4fa4-a97d-d965ccfc6d4b" outcome="Passed" testListId="8c84fa94-04c1-424b-9868-57a2d4851a1d" relativeResultsDirectory="a4e38119-40ca-428b-93e2-2bfff649f5c3">
    </UnitTestResult>
    <UnitTestResult executionId="5eb36b1b-242e-48a3-9b83-68fce87cd4d0" testId="36c931ce-f29e-c43a-4ea7-07092f8ff6a6" testName="ArgumentChecker_PassedNullString_ShouldThrowException" computerName="WS152" duration="00:00:00.0004101" startTime="2012-03-05T15:19:46.9214531+02:00" endTime="2012-03-05T15:19:46.9264541+02:00" testType="13cdc9d9-ddb5-4fa4-a97d-d965ccfc6d4b" outcome="Passed" testListId="8c84fa94-04c1-424b-9868-57a2d4851a1d" relativeResultsDirectory="5eb36b1b-242e-48a3-9b83-68fce87cd4d0">
    </UnitTestResult>
    <UnitTestResult executionId="95e11c93-1e8e-413b-9de9-ba2637bb9f85" testId="4c848af4-d456-1cc3-681a-a327cbf81ab0" testName="ArgumentChecker_PassedNullExpression_ShouldThrowException" computerName="WS152" duration="00:00:00.0013901" startTime="2012-03-05T15:19:46.9929674+02:00" endTime="2012-03-05T15:19:46.9989686+02:00" testType="13cdc9d9-ddb5-4fa4-a97d-d965ccfc6d4b" outcome="Passed" testListId="8c84fa94-04c1-424b-9868-57a2d4851a1d" relativeResultsDirectory="95e11c93-1e8e-413b-9de9-ba2637bb9f85">
    </UnitTestResult>
    <UnitTestResult executionId="c2d85f27-8f45-4886-aed0-a448eb007bf8" testId="5aee6dcf-9313-de42-fbdf-f6fdfb7ede5b" testName="ArgumentChecker_PassedNullStringExpression_ShouldThrowException" computerName="WS152" duration="00:00:00.0009137" startTime="2012-03-05T15:19:47.0114711+02:00" endTime="2012-03-05T15:19:47.0169722+02:00" testType="13cdc9d9-ddb5-4fa4-a97d-d965ccfc6d4b" outcome="Passed" testListId="8c84fa94-04c1-424b-9868-57a2d4851a1d" relativeResultsDirectory="c2d85f27-8f45-4886-aed0-a448eb007bf8">
    </UnitTestResult>
    <UnitTestResult executionId="2c4735dc-01cf-44de-a408-9b73986f3390" testId="5fde20ee-544b-dcda-a8b3-ad7013905089" testName="EventsComparer_TwoEmptyListsOfEvents_AreSame" computerName="WS152" duration="00:00:00.0003507" startTime="2012-03-05T15:19:47.0264741+02:00" endTime="2012-03-05T15:19:47.0434775+02:00" testType="13cdc9d9-ddb5-4fa4-a97d-d965ccfc6d4b" outcome="Passed" testListId="8c84fa94-04c1-424b-9868-57a2d4851a1d" relativeResultsDirectory="2c4735dc-01cf-44de-a408-9b73986f3390">
    </UnitTestResult>
    <UnitTestResult executionId="5c3c5f99-2171-4b2b-8b3c-643156887b82" testId="89f62966-d0a4-5c92-f709-a7e4048d3967" testName="EventsComparer_DifferentNumbersOfEvents_NotSame" computerName="WS152" duration="00:00:00.0006485" startTime="2012-03-05T15:19:47.0504789+02:00" endTime="2012-03-05T15:19:47.0629814+02:00" testType="13cdc9d9-ddb5-4fa4-a97d-d965ccfc6d4b" outcome="Passed" testListId="8c84fa94-04c1-424b-9868-57a2d4851a1d" relativeResultsDirectory="5c3c5f99-2171-4b2b-8b3c-643156887b82">
    </UnitTestResult>
    <UnitTestResult executionId="34e3651a-0969-41a7-a6f8-10e73049fb5d" testId="8b730576-1e8b-e7f7-697f-4b341fbbfc81" testName="ArgumentChecker_PassedWhiteSpaceStringExpression_ShouldThrowException" computerName="WS152" duration="00:00:00.0010003" startTime="2012-03-05T15:19:47.0784845+02:00" endTime="2012-03-05T15:19:47.0944877+02:00" testType="13cdc9d9-ddb5-4fa4-a97d-d965ccfc6d4b" outcome="Passed" testListId="8c84fa94-04c1-424b-9868-57a2d4851a1d" relativeResultsDirectory="34e3651a-0969-41a7-a6f8-10e73049fb5d">
    </UnitTestResult>
    <UnitTestResult executionId="ebf597fa-92e4-4349-b241-c086836b3da9" testId="94ce33ea-ea21-1395-d5f4-8651fd575a21" testName="ArgumentChecker_PassedEmptyStringExpression_ShouldThrowException" computerName="WS152" duration="00:00:00.0238717" startTime="2012-03-05T15:19:47.1119912+02:00" endTime="2012-03-05T15:19:47.1489986+02:00" testType="13cdc9d9-ddb5-4fa4-a97d-d965ccfc6d4b" outcome="Passed" testListId="8c84fa94-04c1-424b-9868-57a2d4851a1d" relativeResultsDirectory="ebf597fa-92e4-4349-b241-c086836b3da9">
    </UnitTestResult>
    <UnitTestResult executionId="214edeae-9956-45a3-a932-230d4e12566f" testId="9a884da1-4716-4b26-5f0b-be22b069e655" testName="TestEvent_Save" computerName="WS152" duration="00:00:16.8755093" startTime="2012-03-05T15:19:47.1625013+02:00" endTime="2012-03-05T15:20:04.2854252+02:00" testType="13cdc9d9-ddb5-4fa4-a97d-d965ccfc6d4b" outcome="Failed" testListId="8c84fa94-04c1-424b-9868-57a2d4851a1d" relativeResultsDirectory="214edeae-9956-45a3-a932-230d4e12566f">
      <Output>
        <ErrorInfo>
          <Message>Test method ECom.EventStore.SQL.Tests.IntegrationTests.TestEvent_Save threw exception: 
System.Data.SqlClient.SqlException: A network-related or instance-specific error occurred while establishing a connection to SQL Server. The server was not found or was not accessible. Verify that the instance name is correct and that SQL Server is configured to allow remote connections. (provider: Named Pipes Provider, error: 40 - Could not open a connection to SQL Server)</Message>
          <StackTrace>    at System.Data.SqlClient.SqlInternalConnection.OnError(SqlException exception, Boolean breakConnection)
   at System.Data.SqlClient.TdsParser.ThrowExceptionAndWarning()
   at System.Data.SqlClient.TdsParser.Connect(ServerInfo serverInfo, SqlInternalConnectionTds connHandler, Boolean ignoreSniOpenTimeout, Int64 timerExpire, Boolean encrypt, Boolean trustServerCert, Boolean integratedSecurity)
   at System.Data.SqlClient.SqlInternalConnectionTds.AttemptOneLogin(ServerInfo serverInfo, String newPassword, Boolean ignoreSniOpenTimeout, TimeoutTimer timeout, SqlConnection owningObject)
   at System.Data.SqlClient.SqlInternalConnectionTds.LoginNoFailover(ServerInfo serverInfo, String newPassword, Boolean redirectedUserInstance, SqlConnection owningObject, SqlConnectionString connectionOptions, TimeoutTimer timeout)
   at System.Data.SqlClient.SqlInternalConnectionTds.OpenLoginEnlist(SqlConnection owningObject, TimeoutTimer timeout, SqlConnectionString connectionOptions, String newPassword, Boolean redirectedUserInstance)
   at System.Data.SqlClient.SqlInternalConnectionTds..ctor(DbConnectionPoolIdentity identity, SqlConnectionString connectionOptions, Object providerInfo, String newPassword, SqlConnection owningObject, Boolean redirectedUserInstance)
   at System.Data.SqlClient.SqlConnectionFactory.CreateConnection(DbConnectionOptions options, Object poolGroupProviderInfo, DbConnectionPool pool, DbConnection owningConnection)
   at System.Data.ProviderBase.DbConnectionFactory.CreatePooledConnection(DbConnection owningConnection, DbConnectionPool pool, DbConnectionOptions options)
   at System.Data.ProviderBase.DbConnectionPool.CreateObject(DbConnection owningObject)
   at System.Data.ProviderBase.DbConnectionPool.UserCreateRequest(DbConnection owningObject)
   at System.Data.ProviderBase.DbConnectionPool.GetConnection(DbConnection owningObject)
   at System.Data.ProviderBase.DbConnectionFactory.GetConnection(DbConnection owningConnection)
   at System.Data.ProviderBase.DbConnectionClosed.OpenConnection(DbConnection outerConnection, DbConnectionFactory connectionFactory)
   at System.Data.SqlClient.SqlConnection.Open()
   at ECom.EventStore.SQL.EventStore.SaveAggregateEvents(Guid aggregateId, String aggregateType, IEnumerable`1 events, Int32 expectedVersion) in C:\Users\Harry\Dropbox\Code\EComWithCQRS\ECom.EventStore.SQL\EventStore.cs:line 39
   at ECom.EventStore.SQL.Tests.IntegrationTests.TestEvent_Save() in C:\Users\Harry\Dropbox\Code\EComWithCQRS\ECom.EventStore.SQL.Tests\IntegrationTests.cs:line 31
</StackTrace>
        </ErrorInfo>
      </Output>
    </UnitTestResult>
    <UnitTestResult executionId="5ace434e-21af-4d34-b35a-3c600a0a158e" testId="aed6500c-3dca-8cc4-3690-70265701d3d7" testName="when_changing_price_of_not_existing_product" computerName="WS152" duration="00:00:00.0024733" startTime="2012-03-05T15:20:04.2994280+02:00" endTime="2012-03-05T15:20:04.3054292+02:00" testType="13cdc9d9-ddb5-4fa4-a97d-d965ccfc6d4b" outcome="Passed" testListId="8c84fa94-04c1-424b-9868-57a2d4851a1d" relativeResultsDirectory="5ace434e-21af-4d34-b35a-3c600a0a158e">
    </UnitTestResult>
    <UnitTestResult executionId="9961e42c-1d87-4b09-876d-8c8fcedec519" testId="cc87ae18-443d-1278-61de-0980b79c60c3" testName="EventsComparer_SameSingleEventsWithDifferentProperties_NotSame" computerName="WS152" duration="00:00:00.0011617" startTime="2012-03-05T15:20:04.3369355+02:00" endTime="2012-03-05T15:20:04.3494380+02:00" testType="13cdc9d9-ddb5-4fa4-a97d-d965ccfc6d4b" outcome="Passed" testListId="8c84fa94-04c1-424b-9868-57a2d4851a1d" relativeResultsDirectory="9961e42c-1d87-4b09-876d-8c8fcedec519">
    </UnitTestResult>
    <UnitTestResult executionId="b20f3dfe-d243-4f07-853e-c2d1885e312d" testId="d1b9004e-b599-72a8-de1a-8759bb05909d" testName="EventsComparer_SameSingleEvents_AreSame" computerName="WS152" duration="00:00:00.0086791" startTime="2012-03-05T15:20:04.3534388+02:00" endTime="2012-03-05T15:20:04.3704422+02:00" testType="13cdc9d9-ddb5-4fa4-a97d-d965ccfc6d4b" outcome="Passed" testListId="8c84fa94-04c1-424b-9868-57a2d4851a1d" relativeResultsDirectory="b20f3dfe-d243-4f07-853e-c2d1885e312d">
    </UnitTestResult>
    <UnitTestResult executionId="8e8dfdd4-8353-4fed-8608-08aa8286c876" testId="de84f97e-6e54-3a63-597a-08f1ccab04cb" testName="ArgumentChecker_PassedEmptyGuidStringExpression_ShouldThrowException" computerName="WS152" duration="00:00:00.0009930" startTime="2012-03-05T15:20:04.3839449+02:00" endTime="2012-03-05T15:20:04.3949471+02:00" testType="13cdc9d9-ddb5-4fa4-a97d-d965ccfc6d4b" outcome="Passed" testListId="8c84fa94-04c1-424b-9868-57a2d4851a1d" relativeResultsDirectory="8e8dfdd4-8353-4fed-8608-08aa8286c876">
    </UnitTestResult>
    <UnitTestResult executionId="118c2cdd-9497-4163-8f40-efaf1dc78c04" testId="dea47f32-3e00-4ddb-1038-378d0269cff2" testName="ArgumentChecker_PassedNull_ShouldThrowException" computerName="WS152" duration="00:00:00.0005189" startTime="2012-03-05T15:20:04.4079497+02:00" endTime="2012-03-05T15:20:04.4109503+02:00" testType="13cdc9d9-ddb5-4fa4-a97d-d965ccfc6d4b" outcome="Passed" testListId="8c84fa94-04c1-424b-9868-57a2d4851a1d" relativeResultsDirectory="118c2cdd-9497-4163-8f40-efaf1dc78c04">
    </UnitTestResult>
    <UnitTestResult executionId="5576e481-3af3-4fc2-80b3-422978b0b1b2" testId="e47bac22-9313-95c1-8151-a4b19e6012b5" testName="when_adding_valid_product" computerName="WS152" duration="00:00:00.0033338" startTime="2012-03-05T15:20:04.4274536+02:00" endTime="2012-03-05T15:20:04.4494580+02:00" testType="13cdc9d9-ddb5-4fa4-a97d-d965ccfc6d4b" outcome="Passed" testListId="8c84fa94-04c1-424b-9868-57a2d4851a1d" relativeResultsDirectory="5576e481-3af3-4fc2-80b3-422978b0b1b2">
    </UnitTestResult>
    <UnitTestResult executionId="7933de71-d542-48a6-90ca-9f45537b4362" testId="ea89121b-635d-81f6-b7fe-d4136b6c39f8" testName="ArgumentChecker_PassedNotNullObjectExpression_ShouldNotThrowException" computerName="WS152" duration="00:00:00.0052387" startTime="2012-03-05T15:20:04.4614604+02:00" endTime="2012-03-05T15:20:04.4984678+02:00" testType="13cdc9d9-ddb5-4fa4-a97d-d965ccfc6d4b" outcome="Passed" testListId="8c84fa94-04c1-424b-9868-57a2d4851a1d" relativeResultsDirectory="7933de71-d542-48a6-90ca-9f45537b4362">
    </UnitTestResult>
  </Results>
</TestRun>