<?xml version="1.0" encoding="UTF-8"?>
<TestRun id="9675dda9-41ac-4c87-9b0c-1dd2dfed44ec" name="Harry@HARRY-HP 2012-04-11 16:59:07" runUser="Harry-HP\Harry" xmlns="http://microsoft.com/schemas/VisualStudio/TeamTest/2010">
  <TestSettings name="Local" id="cea19d41-6cbd-46b6-b1ad-ed83a2b7d7fb">
    <Description>These are default test settings for a local test run.</Description>
    <Deployment enabled="false" runDeploymentRoot="Harry_HARRY-HP 2012-04-11 16_59_07">
      <DeploymentItem filename="C:\Users\Harry\Dropbox\Code\EComWithCQRS\ECom.Domain.Catalog\bin\Debug\ECom.Domain.Catalog.dll" />
      <DeploymentItem filename="C:\Users\Harry\Dropbox\Code\EComWithCQRS\ECom.Domain.Order\bin\Debug\ECom.Domain.Order.dll" />
      <DeploymentItem filename="C:\Users\Harry\Dropbox\Code\EComWithCQRS\ECom.CommandHandlers\bin\Debug\ECom.CommandHandlers.dll" />
      <DeploymentItem filename="C:\Users\Harry\Dropbox\Code\EComWithCQRS\ECom.Domain\bin\Debug\ECom.Domain.dll" />
      <DeploymentItem filename="C:\Users\Harry\Dropbox\Code\EComWithCQRS\ECom.Messages\bin\Debug\ECom.Messages.dll" />
      <DeploymentItem filename="C:\Users\Harry\Dropbox\Code\EComWithCQRS\ECom.Utility\bin\Debug\ECom.Utility.dll" />
    </Deployment>
    <Execution>
      <TestTypeSpecific />
      <AgentRule name="Execution Agents">
      </AgentRule>
    </Execution>
  </TestSettings>
  <Times creation="2012-04-11T16:59:07.6652197+03:00" queuing="2012-04-11T16:59:08.6792215+03:00" start="2012-04-11T16:59:08.7104215+03:00" finish="2012-04-11T16:59:09.7400233+03:00" />
  <ResultSummary outcome="Completed">
    <Counters total="25" executed="25" passed="25" error="0" failed="0" timeout="0" aborted="0" inconclusive="0" passedButRunAborted="0" notRunnable="0" notExecuted="0" disconnected="0" warning="0" completed="0" inProgress="0" pending="0" />
  </ResultSummary>
  <TestDefinitions>
    <UnitTest name="Argument_PassedWhiteSpaceString_ShouldThrowException" storage="c:\users\harry\dropbox\code\ecomwithcqrs\ecom.utility.tests\bin\debug\ecom.utility.tests.dll" id="30f4accc-0ebe-c8de-e4c7-1581b4516403">
      <Execution id="345feb6d-4c87-486a-9e85-28f8a996005e" />
      <TestMethod codeBase="C:/Users/Harry/Dropbox/Code/EComWithCQRS/ECom.Utility.Tests/bin/Debug/ECom.Utility.Tests.DLL" adapterTypeName="Microsoft.VisualStudio.TestTools.TestTypes.Unit.UnitTestAdapter, Microsoft.VisualStudio.QualityTools.Tips.UnitTest.Adapter, Version=10.0.0.0, Culture=neutral, PublicKeyToken=b03f5f7f11d50a3a" className="ECom.Utility.Tests.ArgumentTests, ECom.Utility.Tests, Version=1.0.0.0, Culture=neutral, PublicKeyToken=null" name="Argument_PassedWhiteSpaceString_ShouldThrowException" />
    </UnitTest>
    <UnitTest name="Argument_PassedEmptyStringExpression_ShouldThrowException" storage="c:\users\harry\dropbox\code\ecomwithcqrs\ecom.utility.tests\bin\debug\ecom.utility.tests.dll" id="0c6770b8-b914-078b-4c5e-6b069bb0caaf">
      <Execution id="fa9b2780-b929-454a-8db5-8b9fe59eb2bc" />
      <TestMethod codeBase="C:/Users/Harry/Dropbox/Code/EComWithCQRS/ECom.Utility.Tests/bin/Debug/ECom.Utility.Tests.DLL" adapterTypeName="Microsoft.VisualStudio.TestTools.TestTypes.Unit.UnitTestAdapter, Microsoft.VisualStudio.QualityTools.Tips.UnitTest.Adapter, Version=10.0.0.0, Culture=neutral, PublicKeyToken=b03f5f7f11d50a3a" className="ECom.Utility.Tests.ArgumentTests, ECom.Utility.Tests, Version=1.0.0.0, Culture=neutral, PublicKeyToken=null" name="Argument_PassedEmptyStringExpression_ShouldThrowException" />
    </UnitTest>
    <UnitTest name="Argument_PassedNotEmptyStringExpression_ShouldNotThrowException" storage="c:\users\harry\dropbox\code\ecomwithcqrs\ecom.utility.tests\bin\debug\ecom.utility.tests.dll" id="35614b8e-8426-353c-4721-aef5a1b85d42">
      <Execution id="b88b39ce-019e-4f1f-8e69-c0ebb3f2cd9f" />
      <TestMethod codeBase="C:/Users/Harry/Dropbox/Code/EComWithCQRS/ECom.Utility.Tests/bin/Debug/ECom.Utility.Tests.DLL" adapterTypeName="Microsoft.VisualStudio.TestTools.TestTypes.Unit.UnitTestAdapter, Microsoft.VisualStudio.QualityTools.Tips.UnitTest.Adapter, Version=10.0.0.0, Culture=neutral, PublicKeyToken=b03f5f7f11d50a3a" className="ECom.Utility.Tests.ArgumentTests, ECom.Utility.Tests, Version=1.0.0.0, Culture=neutral, PublicKeyToken=null" name="Argument_PassedNotEmptyStringExpression_ShouldNotThrowException" />
    </UnitTest>
    <UnitTest name="Argument_PassedEmptyGuidStringExpression_ShouldThrowException" storage="c:\users\harry\dropbox\code\ecomwithcqrs\ecom.utility.tests\bin\debug\ecom.utility.tests.dll" id="f6dc3825-5fde-f1c3-46eb-a2127c952849">
      <Execution id="c7e4aaf4-0fcd-4a66-aa31-528c21326a17" />
      <TestMethod codeBase="C:/Users/Harry/Dropbox/Code/EComWithCQRS/ECom.Utility.Tests/bin/Debug/ECom.Utility.Tests.DLL" adapterTypeName="Microsoft.VisualStudio.TestTools.TestTypes.Unit.UnitTestAdapter, Microsoft.VisualStudio.QualityTools.Tips.UnitTest.Adapter, Version=10.0.0.0, Culture=neutral, PublicKeyToken=b03f5f7f11d50a3a" className="ECom.Utility.Tests.ArgumentTests, ECom.Utility.Tests, Version=1.0.0.0, Culture=neutral, PublicKeyToken=null" name="Argument_PassedEmptyGuidStringExpression_ShouldThrowException" />
    </UnitTest>
    <UnitTest name="when_changing_price_of_product_to_negative_value" storage="c:\users\harry\dropbox\code\ecomwithcqrs\ecom.commandhandlers.tests\bin\debug\ecom.commandhandlers.tests.dll" id="b96a8b8f-f629-e34c-ba70-d9359d5f4aec">
      <Execution id="f0ed90ca-a70f-4db6-af37-901940a0a57a" />
      <TestMethod codeBase="C:/Users/Harry/Dropbox/Code/EComWithCQRS/ECom.CommandHandlers.Tests/bin/Debug/ECom.CommandHandlers.Tests.DLL" adapterTypeName="Microsoft.VisualStudio.TestTools.TestTypes.Unit.UnitTestAdapter, Microsoft.VisualStudio.QualityTools.Tips.UnitTest.Adapter, Version=10.0.0.0, Culture=neutral, PublicKeyToken=b03f5f7f11d50a3a" className="ECom.CommandHandlers.Tests.Specifications.ChangeProductPriceSpecs, ECom.CommandHandlers.Tests, Version=1.0.0.0, Culture=neutral, PublicKeyToken=null" name="when_changing_price_of_product_to_negative_value" />
    </UnitTest>
    <UnitTest name="Argument_PassedTrueCondition_ShouldNotThrowException" storage="c:\users\harry\dropbox\code\ecomwithcqrs\ecom.utility.tests\bin\debug\ecom.utility.tests.dll" id="04481d99-8b24-ce0e-4b63-29009813e4cf">
      <Execution id="c24e1a0d-8e37-40ee-9cde-728d00265559" />
      <TestMethod codeBase="C:/Users/Harry/Dropbox/Code/EComWithCQRS/ECom.Utility.Tests/bin/Debug/ECom.Utility.Tests.DLL" adapterTypeName="Microsoft.VisualStudio.TestTools.TestTypes.Unit.UnitTestAdapter, Microsoft.VisualStudio.QualityTools.Tips.UnitTest.Adapter, Version=10.0.0.0, Culture=neutral, PublicKeyToken=b03f5f7f11d50a3a" className="ECom.Utility.Tests.ArgumentTests, ECom.Utility.Tests, Version=1.0.0.0, Culture=neutral, PublicKeyToken=null" name="Argument_PassedTrueCondition_ShouldNotThrowException" />
    </UnitTest>
    <UnitTest name="must_return_false_for_different_numbers_of_events" storage="c:\users\harry\dropbox\code\ecomwithcqrs\ecom.commandhandlers.tests\bin\debug\ecom.commandhandlers.tests.dll" id="1e03cdbf-eb8c-714d-15a7-40151d4cb660">
      <Execution id="6692e192-1e1c-49e7-8582-58411d4e39c4" />
      <TestMethod codeBase="C:/Users/Harry/Dropbox/Code/EComWithCQRS/ECom.CommandHandlers.Tests/bin/Debug/ECom.CommandHandlers.Tests.DLL" adapterTypeName="Microsoft.VisualStudio.TestTools.TestTypes.Unit.UnitTestAdapter, Microsoft.VisualStudio.QualityTools.Tips.UnitTest.Adapter, Version=10.0.0.0, Culture=neutral, PublicKeyToken=b03f5f7f11d50a3a" className="ECom.CommandHandlers.Tests.AssertEventsClass+AreSameMethod, ECom.CommandHandlers.Tests, Version=1.0.0.0, Culture=neutral, PublicKeyToken=null" name="must_return_false_for_different_numbers_of_events" />
    </UnitTest>
    <UnitTest name="Argument_PassedNotEmptyGuidExpression_ShouldNotThrowException" storage="c:\users\harry\dropbox\code\ecomwithcqrs\ecom.utility.tests\bin\debug\ecom.utility.tests.dll" id="030a41f6-f2c7-d276-5729-c0592bc957ba">
      <Execution id="1c0877d8-b950-488d-9e70-53d9ea098599" />
      <TestMethod codeBase="C:/Users/Harry/Dropbox/Code/EComWithCQRS/ECom.Utility.Tests/bin/Debug/ECom.Utility.Tests.DLL" adapterTypeName="Microsoft.VisualStudio.TestTools.TestTypes.Unit.UnitTestAdapter, Microsoft.VisualStudio.QualityTools.Tips.UnitTest.Adapter, Version=10.0.0.0, Culture=neutral, PublicKeyToken=b03f5f7f11d50a3a" className="ECom.Utility.Tests.ArgumentTests, ECom.Utility.Tests, Version=1.0.0.0, Culture=neutral, PublicKeyToken=null" name="Argument_PassedNotEmptyGuidExpression_ShouldNotThrowException" />
    </UnitTest>
    <UnitTest name="Argument_PassedNullExpression_ShouldThrowException" storage="c:\users\harry\dropbox\code\ecomwithcqrs\ecom.utility.tests\bin\debug\ecom.utility.tests.dll" id="6c07353f-3558-7dbc-956b-054b7a5ea429">
      <Execution id="4b094a25-ff08-4720-b4ee-66153474dda5" />
      <TestMethod codeBase="C:/Users/Harry/Dropbox/Code/EComWithCQRS/ECom.Utility.Tests/bin/Debug/ECom.Utility.Tests.DLL" adapterTypeName="Microsoft.VisualStudio.TestTools.TestTypes.Unit.UnitTestAdapter, Microsoft.VisualStudio.QualityTools.Tips.UnitTest.Adapter, Version=10.0.0.0, Culture=neutral, PublicKeyToken=b03f5f7f11d50a3a" className="ECom.Utility.Tests.ArgumentTests, ECom.Utility.Tests, Version=1.0.0.0, Culture=neutral, PublicKeyToken=null" name="Argument_PassedNullExpression_ShouldThrowException" />
    </UnitTest>
    <UnitTest name="must_return_true_for_same_event_sets" storage="c:\users\harry\dropbox\code\ecomwithcqrs\ecom.commandhandlers.tests\bin\debug\ecom.commandhandlers.tests.dll" id="0118925b-22d8-7f5b-5f82-6edad105c4e7">
      <Execution id="80aa64a5-ce83-4713-990d-77388d7c1039" />
      <TestMethod codeBase="C:/Users/Harry/Dropbox/Code/EComWithCQRS/ECom.CommandHandlers.Tests/bin/Debug/ECom.CommandHandlers.Tests.DLL" adapterTypeName="Microsoft.VisualStudio.TestTools.TestTypes.Unit.UnitTestAdapter, Microsoft.VisualStudio.QualityTools.Tips.UnitTest.Adapter, Version=10.0.0.0, Culture=neutral, PublicKeyToken=b03f5f7f11d50a3a" className="ECom.CommandHandlers.Tests.AssertEventsClass+AreSameMethod, ECom.CommandHandlers.Tests, Version=1.0.0.0, Culture=neutral, PublicKeyToken=null" name="must_return_true_for_same_event_sets" />
    </UnitTest>
    <UnitTest name="Argument_PassedNullStringExpression_ShouldThrowException" storage="c:\users\harry\dropbox\code\ecomwithcqrs\ecom.utility.tests\bin\debug\ecom.utility.tests.dll" id="33df93cd-3a66-5bec-5e7f-956114463e88">
      <Execution id="4cd2e9ec-dc95-4342-b5fa-5a605207a226" />
      <TestMethod codeBase="C:/Users/Harry/Dropbox/Code/EComWithCQRS/ECom.Utility.Tests/bin/Debug/ECom.Utility.Tests.DLL" adapterTypeName="Microsoft.VisualStudio.TestTools.TestTypes.Unit.UnitTestAdapter, Microsoft.VisualStudio.QualityTools.Tips.UnitTest.Adapter, Version=10.0.0.0, Culture=neutral, PublicKeyToken=b03f5f7f11d50a3a" className="ECom.Utility.Tests.ArgumentTests, ECom.Utility.Tests, Version=1.0.0.0, Culture=neutral, PublicKeyToken=null" name="Argument_PassedNullStringExpression_ShouldThrowException" />
    </UnitTest>
    <UnitTest name="Argument_PassedEmptyString_ShouldThrowException" storage="c:\users\harry\dropbox\code\ecomwithcqrs\ecom.utility.tests\bin\debug\ecom.utility.tests.dll" id="63697fcb-a4ce-89d3-f119-958ddc0bc56b">
      <Execution id="7f5ea20a-9977-45b6-aef1-875e00a6c430" />
      <TestMethod codeBase="C:/Users/Harry/Dropbox/Code/EComWithCQRS/ECom.Utility.Tests/bin/Debug/ECom.Utility.Tests.DLL" adapterTypeName="Microsoft.VisualStudio.TestTools.TestTypes.Unit.UnitTestAdapter, Microsoft.VisualStudio.QualityTools.Tips.UnitTest.Adapter, Version=10.0.0.0, Culture=neutral, PublicKeyToken=b03f5f7f11d50a3a" className="ECom.Utility.Tests.ArgumentTests, ECom.Utility.Tests, Version=1.0.0.0, Culture=neutral, PublicKeyToken=null" name="Argument_PassedEmptyString_ShouldThrowException" />
    </UnitTest>
    <UnitTest name="must_split_camel_case" storage="c:\users\harry\dropbox\code\ecomwithcqrs\ecom.utility.tests\bin\debug\ecom.utility.tests.dll" id="649c4c37-fae5-1328-131f-d26166ae551b">
      <Execution id="859ae102-a224-4f98-bf60-ea9c5b3c2b5e" />
      <TestMethod codeBase="C:/Users/Harry/Dropbox/Code/EComWithCQRS/ECom.Utility.Tests/bin/Debug/ECom.Utility.Tests.DLL" adapterTypeName="Microsoft.VisualStudio.TestTools.TestTypes.Unit.UnitTestAdapter, Microsoft.VisualStudio.QualityTools.Tips.UnitTest.Adapter, Version=10.0.0.0, Culture=neutral, PublicKeyToken=b03f5f7f11d50a3a" className="ECom.Utility.Tests.StringExtentionsClass+WordifyMethod, ECom.Utility.Tests, Version=1.0.0.0, Culture=neutral, PublicKeyToken=null" name="must_split_camel_case" />
    </UnitTest>
    <UnitTest name="when_changing_product_price" storage="c:\users\harry\dropbox\code\ecomwithcqrs\ecom.commandhandlers.tests\bin\debug\ecom.commandhandlers.tests.dll" id="5137ecfd-80eb-079d-4e25-7ee38a4b3931">
      <Execution id="c0d6bca0-bf7c-4c66-8b3e-93b83769479c" />
      <TestMethod codeBase="C:/Users/Harry/Dropbox/Code/EComWithCQRS/ECom.CommandHandlers.Tests/bin/Debug/ECom.CommandHandlers.Tests.DLL" adapterTypeName="Microsoft.VisualStudio.TestTools.TestTypes.Unit.UnitTestAdapter, Microsoft.VisualStudio.QualityTools.Tips.UnitTest.Adapter, Version=10.0.0.0, Culture=neutral, PublicKeyToken=b03f5f7f11d50a3a" className="ECom.CommandHandlers.Tests.Specifications.ChangeProductPriceSpecs, ECom.CommandHandlers.Tests, Version=1.0.0.0, Culture=neutral, PublicKeyToken=null" name="when_changing_product_price" />
    </UnitTest>
    <UnitTest name="must_not_split_acronyms" storage="c:\users\harry\dropbox\code\ecomwithcqrs\ecom.utility.tests\bin\debug\ecom.utility.tests.dll" id="eb25f9e5-c7e6-0120-3cec-b3334e2cc8ee">
      <Execution id="66ca56d2-145b-42dd-92f5-de97e46a4226" />
      <TestMethod codeBase="C:/Users/Harry/Dropbox/Code/EComWithCQRS/ECom.Utility.Tests/bin/Debug/ECom.Utility.Tests.DLL" adapterTypeName="Microsoft.VisualStudio.TestTools.TestTypes.Unit.UnitTestAdapter, Microsoft.VisualStudio.QualityTools.Tips.UnitTest.Adapter, Version=10.0.0.0, Culture=neutral, PublicKeyToken=b03f5f7f11d50a3a" className="ECom.Utility.Tests.StringExtentionsClass+WordifyMethod, ECom.Utility.Tests, Version=1.0.0.0, Culture=neutral, PublicKeyToken=null" name="must_not_split_acronyms" />
    </UnitTest>
    <UnitTest name="Argument_PassedNull_ShouldThrowException" storage="c:\users\harry\dropbox\code\ecomwithcqrs\ecom.utility.tests\bin\debug\ecom.utility.tests.dll" id="a043125e-cfce-1409-16b4-37940b1b0668">
      <Execution id="d3bf149c-cd50-47df-a816-9e7d99013336" />
      <TestMethod codeBase="C:/Users/Harry/Dropbox/Code/EComWithCQRS/ECom.Utility.Tests/bin/Debug/ECom.Utility.Tests.DLL" adapterTypeName="Microsoft.VisualStudio.TestTools.TestTypes.Unit.UnitTestAdapter, Microsoft.VisualStudio.QualityTools.Tips.UnitTest.Adapter, Version=10.0.0.0, Culture=neutral, PublicKeyToken=b03f5f7f11d50a3a" className="ECom.Utility.Tests.ArgumentTests, ECom.Utility.Tests, Version=1.0.0.0, Culture=neutral, PublicKeyToken=null" name="Argument_PassedNull_ShouldThrowException" />
    </UnitTest>
    <UnitTest name="must_return_false_for_same_single_svents_with_different_property_values" storage="c:\users\harry\dropbox\code\ecomwithcqrs\ecom.commandhandlers.tests\bin\debug\ecom.commandhandlers.tests.dll" id="90c28b78-8e02-3570-f3bb-d23a1df37a0c">
      <Execution id="e0245b57-499a-4d95-9e02-191e51bb1768" />
      <TestMethod codeBase="C:/Users/Harry/Dropbox/Code/EComWithCQRS/ECom.CommandHandlers.Tests/bin/Debug/ECom.CommandHandlers.Tests.DLL" adapterTypeName="Microsoft.VisualStudio.TestTools.TestTypes.Unit.UnitTestAdapter, Microsoft.VisualStudio.QualityTools.Tips.UnitTest.Adapter, Version=10.0.0.0, Culture=neutral, PublicKeyToken=b03f5f7f11d50a3a" className="ECom.CommandHandlers.Tests.AssertEventsClass+AreSameMethod, ECom.CommandHandlers.Tests, Version=1.0.0.0, Culture=neutral, PublicKeyToken=null" name="must_return_false_for_same_single_svents_with_different_property_values" />
    </UnitTest>
    <UnitTest name="Argument_PassedWhiteSpaceStringExpression_ShouldThrowException" storage="c:\users\harry\dropbox\code\ecomwithcqrs\ecom.utility.tests\bin\debug\ecom.utility.tests.dll" id="b0032b49-7d8c-7fec-62a0-63d2dcec42e1">
      <Execution id="df467c28-a6ca-42f1-a7b8-d7ba2d7aacd9" />
      <TestMethod codeBase="C:/Users/Harry/Dropbox/Code/EComWithCQRS/ECom.Utility.Tests/bin/Debug/ECom.Utility.Tests.DLL" adapterTypeName="Microsoft.VisualStudio.TestTools.TestTypes.Unit.UnitTestAdapter, Microsoft.VisualStudio.QualityTools.Tips.UnitTest.Adapter, Version=10.0.0.0, Culture=neutral, PublicKeyToken=b03f5f7f11d50a3a" className="ECom.Utility.Tests.ArgumentTests, ECom.Utility.Tests, Version=1.0.0.0, Culture=neutral, PublicKeyToken=null" name="Argument_PassedWhiteSpaceStringExpression_ShouldThrowException" />
    </UnitTest>
    <UnitTest name="when_adding_valid_product" storage="c:\users\harry\dropbox\code\ecomwithcqrs\ecom.commandhandlers.tests\bin\debug\ecom.commandhandlers.tests.dll" id="310b6ef3-9d44-0d42-64f9-ba186f06b209">
      <Execution id="e85f9ae3-da1d-408a-80b7-2a6e6acf70f6" />
      <TestMethod codeBase="C:/Users/Harry/Dropbox/Code/EComWithCQRS/ECom.CommandHandlers.Tests/bin/Debug/ECom.CommandHandlers.Tests.DLL" adapterTypeName="Microsoft.VisualStudio.TestTools.TestTypes.Unit.UnitTestAdapter, Microsoft.VisualStudio.QualityTools.Tips.UnitTest.Adapter, Version=10.0.0.0, Culture=neutral, PublicKeyToken=b03f5f7f11d50a3a" className="ECom.CommandHandlers.Tests.Specifications.CreateProductSpecs, ECom.CommandHandlers.Tests, Version=1.0.0.0, Culture=neutral, PublicKeyToken=null" name="when_adding_valid_product" />
    </UnitTest>
    <UnitTest name="must_return_true_for_same_single_events" storage="c:\users\harry\dropbox\code\ecomwithcqrs\ecom.commandhandlers.tests\bin\debug\ecom.commandhandlers.tests.dll" id="5dc8ce45-7224-a655-600e-bd4e235d6326">
      <Execution id="26fa1c09-4869-4b1c-87c9-0eb710e9fb2b" />
      <TestMethod codeBase="C:/Users/Harry/Dropbox/Code/EComWithCQRS/ECom.CommandHandlers.Tests/bin/Debug/ECom.CommandHandlers.Tests.DLL" adapterTypeName="Microsoft.VisualStudio.TestTools.TestTypes.Unit.UnitTestAdapter, Microsoft.VisualStudio.QualityTools.Tips.UnitTest.Adapter, Version=10.0.0.0, Culture=neutral, PublicKeyToken=b03f5f7f11d50a3a" className="ECom.CommandHandlers.Tests.AssertEventsClass+AreSameMethod, ECom.CommandHandlers.Tests, Version=1.0.0.0, Culture=neutral, PublicKeyToken=null" name="must_return_true_for_same_single_events" />
    </UnitTest>
    <UnitTest name="Argument_PassedFalseCondition_ShouldThrowException" storage="c:\users\harry\dropbox\code\ecomwithcqrs\ecom.utility.tests\bin\debug\ecom.utility.tests.dll" id="33cc7ba4-a102-772e-b938-657f62254a7e">
      <Execution id="9e45b05c-bad9-4f10-903b-f09f75663f03" />
      <TestMethod codeBase="C:/Users/Harry/Dropbox/Code/EComWithCQRS/ECom.Utility.Tests/bin/Debug/ECom.Utility.Tests.DLL" adapterTypeName="Microsoft.VisualStudio.TestTools.TestTypes.Unit.UnitTestAdapter, Microsoft.VisualStudio.QualityTools.Tips.UnitTest.Adapter, Version=10.0.0.0, Culture=neutral, PublicKeyToken=b03f5f7f11d50a3a" className="ECom.Utility.Tests.ArgumentTests, ECom.Utility.Tests, Version=1.0.0.0, Culture=neutral, PublicKeyToken=null" name="Argument_PassedFalseCondition_ShouldThrowException" />
    </UnitTest>
    <UnitTest name="must_return_true_for_two_empty_lists_of_events" storage="c:\users\harry\dropbox\code\ecomwithcqrs\ecom.commandhandlers.tests\bin\debug\ecom.commandhandlers.tests.dll" id="5ff7eed9-7672-c9dc-92d4-18f241e1ced6">
      <Execution id="6316f5b6-0bc1-45e9-882d-4d7fca4df623" />
      <TestMethod codeBase="C:/Users/Harry/Dropbox/Code/EComWithCQRS/ECom.CommandHandlers.Tests/bin/Debug/ECom.CommandHandlers.Tests.DLL" adapterTypeName="Microsoft.VisualStudio.TestTools.TestTypes.Unit.UnitTestAdapter, Microsoft.VisualStudio.QualityTools.Tips.UnitTest.Adapter, Version=10.0.0.0, Culture=neutral, PublicKeyToken=b03f5f7f11d50a3a" className="ECom.CommandHandlers.Tests.AssertEventsClass+AreSameMethod, ECom.CommandHandlers.Tests, Version=1.0.0.0, Culture=neutral, PublicKeyToken=null" name="must_return_true_for_two_empty_lists_of_events" />
    </UnitTest>
    <UnitTest name="Argument_PassedNotNullObjectExpression_ShouldNotThrowException" storage="c:\users\harry\dropbox\code\ecomwithcqrs\ecom.utility.tests\bin\debug\ecom.utility.tests.dll" id="c94e2f0a-5d90-c7b2-7de8-84f41c8c74d8">
      <Execution id="fc4ee7ab-8941-47ca-9f27-da8d97d6c9c5" />
      <TestMethod codeBase="C:/Users/Harry/Dropbox/Code/EComWithCQRS/ECom.Utility.Tests/bin/Debug/ECom.Utility.Tests.DLL" adapterTypeName="Microsoft.VisualStudio.TestTools.TestTypes.Unit.UnitTestAdapter, Microsoft.VisualStudio.QualityTools.Tips.UnitTest.Adapter, Version=10.0.0.0, Culture=neutral, PublicKeyToken=b03f5f7f11d50a3a" className="ECom.Utility.Tests.ArgumentTests, ECom.Utility.Tests, Version=1.0.0.0, Culture=neutral, PublicKeyToken=null" name="Argument_PassedNotNullObjectExpression_ShouldNotThrowException" />
    </UnitTest>
    <UnitTest name="when_changing_price_of_not_existing_product" storage="c:\users\harry\dropbox\code\ecomwithcqrs\ecom.commandhandlers.tests\bin\debug\ecom.commandhandlers.tests.dll" id="89046cdd-a4cf-135d-dd9f-200e134698bd">
      <Execution id="ea599b01-e90d-4959-b2e0-4d6646c5ee7c" />
      <TestMethod codeBase="C:/Users/Harry/Dropbox/Code/EComWithCQRS/ECom.CommandHandlers.Tests/bin/Debug/ECom.CommandHandlers.Tests.DLL" adapterTypeName="Microsoft.VisualStudio.TestTools.TestTypes.Unit.UnitTestAdapter, Microsoft.VisualStudio.QualityTools.Tips.UnitTest.Adapter, Version=10.0.0.0, Culture=neutral, PublicKeyToken=b03f5f7f11d50a3a" className="ECom.CommandHandlers.Tests.Specifications.ChangeProductPriceSpecs, ECom.CommandHandlers.Tests, Version=1.0.0.0, Culture=neutral, PublicKeyToken=null" name="when_changing_price_of_not_existing_product" />
    </UnitTest>
    <UnitTest name="Argument_PassedNullString_ShouldThrowException" storage="c:\users\harry\dropbox\code\ecomwithcqrs\ecom.utility.tests\bin\debug\ecom.utility.tests.dll" id="e64571bc-af6a-966c-4775-36fa2d416269">
      <Execution id="502d5490-6f60-4ccb-9fdf-372a894bde4d" />
      <TestMethod codeBase="C:/Users/Harry/Dropbox/Code/EComWithCQRS/ECom.Utility.Tests/bin/Debug/ECom.Utility.Tests.DLL" adapterTypeName="Microsoft.VisualStudio.TestTools.TestTypes.Unit.UnitTestAdapter, Microsoft.VisualStudio.QualityTools.Tips.UnitTest.Adapter, Version=10.0.0.0, Culture=neutral, PublicKeyToken=b03f5f7f11d50a3a" className="ECom.Utility.Tests.ArgumentTests, ECom.Utility.Tests, Version=1.0.0.0, Culture=neutral, PublicKeyToken=null" name="Argument_PassedNullString_ShouldThrowException" />
    </UnitTest>
  </TestDefinitions>
  <TestLists>
    <TestList name="Results Not in a List" id="8c84fa94-04c1-424b-9868-57a2d4851a1d" />
    <TestList name="All Loaded Results" id="19431567-8539-422a-85d7-44ee4e166bda" />
  </TestLists>
  <TestEntries>
    <TestEntry testId="a043125e-cfce-1409-16b4-37940b1b0668" executionId="d3bf149c-cd50-47df-a816-9e7d99013336" testListId="8c84fa94-04c1-424b-9868-57a2d4851a1d" />
    <TestEntry testId="63697fcb-a4ce-89d3-f119-958ddc0bc56b" executionId="7f5ea20a-9977-45b6-aef1-875e00a6c430" testListId="8c84fa94-04c1-424b-9868-57a2d4851a1d" />
    <TestEntry testId="e64571bc-af6a-966c-4775-36fa2d416269" executionId="502d5490-6f60-4ccb-9fdf-372a894bde4d" testListId="8c84fa94-04c1-424b-9868-57a2d4851a1d" />
    <TestEntry testId="30f4accc-0ebe-c8de-e4c7-1581b4516403" executionId="345feb6d-4c87-486a-9e85-28f8a996005e" testListId="8c84fa94-04c1-424b-9868-57a2d4851a1d" />
    <TestEntry testId="6c07353f-3558-7dbc-956b-054b7a5ea429" executionId="4b094a25-ff08-4720-b4ee-66153474dda5" testListId="8c84fa94-04c1-424b-9868-57a2d4851a1d" />
    <TestEntry testId="0c6770b8-b914-078b-4c5e-6b069bb0caaf" executionId="fa9b2780-b929-454a-8db5-8b9fe59eb2bc" testListId="8c84fa94-04c1-424b-9868-57a2d4851a1d" />
    <TestEntry testId="33df93cd-3a66-5bec-5e7f-956114463e88" executionId="4cd2e9ec-dc95-4342-b5fa-5a605207a226" testListId="8c84fa94-04c1-424b-9868-57a2d4851a1d" />
    <TestEntry testId="b0032b49-7d8c-7fec-62a0-63d2dcec42e1" executionId="df467c28-a6ca-42f1-a7b8-d7ba2d7aacd9" testListId="8c84fa94-04c1-424b-9868-57a2d4851a1d" />
    <TestEntry testId="f6dc3825-5fde-f1c3-46eb-a2127c952849" executionId="c7e4aaf4-0fcd-4a66-aa31-528c21326a17" testListId="8c84fa94-04c1-424b-9868-57a2d4851a1d" />
    <TestEntry testId="35614b8e-8426-353c-4721-aef5a1b85d42" executionId="b88b39ce-019e-4f1f-8e69-c0ebb3f2cd9f" testListId="8c84fa94-04c1-424b-9868-57a2d4851a1d" />
    <TestEntry testId="c94e2f0a-5d90-c7b2-7de8-84f41c8c74d8" executionId="fc4ee7ab-8941-47ca-9f27-da8d97d6c9c5" testListId="8c84fa94-04c1-424b-9868-57a2d4851a1d" />
    <TestEntry testId="030a41f6-f2c7-d276-5729-c0592bc957ba" executionId="1c0877d8-b950-488d-9e70-53d9ea098599" testListId="8c84fa94-04c1-424b-9868-57a2d4851a1d" />
    <TestEntry testId="33cc7ba4-a102-772e-b938-657f62254a7e" executionId="9e45b05c-bad9-4f10-903b-f09f75663f03" testListId="8c84fa94-04c1-424b-9868-57a2d4851a1d" />
    <TestEntry testId="04481d99-8b24-ce0e-4b63-29009813e4cf" executionId="c24e1a0d-8e37-40ee-9cde-728d00265559" testListId="8c84fa94-04c1-424b-9868-57a2d4851a1d" />
    <TestEntry testId="5ff7eed9-7672-c9dc-92d4-18f241e1ced6" executionId="6316f5b6-0bc1-45e9-882d-4d7fca4df623" testListId="8c84fa94-04c1-424b-9868-57a2d4851a1d" />
    <TestEntry testId="5dc8ce45-7224-a655-600e-bd4e235d6326" executionId="26fa1c09-4869-4b1c-87c9-0eb710e9fb2b" testListId="8c84fa94-04c1-424b-9868-57a2d4851a1d" />
    <TestEntry testId="0118925b-22d8-7f5b-5f82-6edad105c4e7" executionId="80aa64a5-ce83-4713-990d-77388d7c1039" testListId="8c84fa94-04c1-424b-9868-57a2d4851a1d" />
    <TestEntry testId="90c28b78-8e02-3570-f3bb-d23a1df37a0c" executionId="e0245b57-499a-4d95-9e02-191e51bb1768" testListId="8c84fa94-04c1-424b-9868-57a2d4851a1d" />
    <TestEntry testId="1e03cdbf-eb8c-714d-15a7-40151d4cb660" executionId="6692e192-1e1c-49e7-8582-58411d4e39c4" testListId="8c84fa94-04c1-424b-9868-57a2d4851a1d" />
    <TestEntry testId="5137ecfd-80eb-079d-4e25-7ee38a4b3931" executionId="c0d6bca0-bf7c-4c66-8b3e-93b83769479c" testListId="8c84fa94-04c1-424b-9868-57a2d4851a1d" />
    <TestEntry testId="89046cdd-a4cf-135d-dd9f-200e134698bd" executionId="ea599b01-e90d-4959-b2e0-4d6646c5ee7c" testListId="8c84fa94-04c1-424b-9868-57a2d4851a1d" />
    <TestEntry testId="b96a8b8f-f629-e34c-ba70-d9359d5f4aec" executionId="f0ed90ca-a70f-4db6-af37-901940a0a57a" testListId="8c84fa94-04c1-424b-9868-57a2d4851a1d" />
    <TestEntry testId="310b6ef3-9d44-0d42-64f9-ba186f06b209" executionId="e85f9ae3-da1d-408a-80b7-2a6e6acf70f6" testListId="8c84fa94-04c1-424b-9868-57a2d4851a1d" />
    <TestEntry testId="649c4c37-fae5-1328-131f-d26166ae551b" executionId="859ae102-a224-4f98-bf60-ea9c5b3c2b5e" testListId="8c84fa94-04c1-424b-9868-57a2d4851a1d" />
    <TestEntry testId="eb25f9e5-c7e6-0120-3cec-b3334e2cc8ee" executionId="66ca56d2-145b-42dd-92f5-de97e46a4226" testListId="8c84fa94-04c1-424b-9868-57a2d4851a1d" />
  </TestEntries>
  <Results>
    <UnitTestResult executionId="d3bf149c-cd50-47df-a816-9e7d99013336" testId="a043125e-cfce-1409-16b4-37940b1b0668" testName="Argument_PassedNull_ShouldThrowException" computerName="HARRY-HP" duration="00:00:00.0347488" startTime="2012-04-11T16:59:08.7572216+03:00" endTime="2012-04-11T16:59:09.1472223+03:00" testType="13cdc9d9-ddb5-4fa4-a97d-d965ccfc6d4b" outcome="Passed" testListId="8c84fa94-04c1-424b-9868-57a2d4851a1d" relativeResultsDirectory="d3bf149c-cd50-47df-a816-9e7d99013336">
    </UnitTestResult>
    <UnitTestResult executionId="7f5ea20a-9977-45b6-aef1-875e00a6c430" testId="63697fcb-a4ce-89d3-f119-958ddc0bc56b" testName="Argument_PassedEmptyString_ShouldThrowException" computerName="HARRY-HP" duration="00:00:00.0004768" startTime="2012-04-11T16:59:09.1472223+03:00" endTime="2012-04-11T16:59:09.1472223+03:00" testType="13cdc9d9-ddb5-4fa4-a97d-d965ccfc6d4b" outcome="Passed" testListId="8c84fa94-04c1-424b-9868-57a2d4851a1d" relativeResultsDirectory="7f5ea20a-9977-45b6-aef1-875e00a6c430">
    </UnitTestResult>
    <UnitTestResult executionId="502d5490-6f60-4ccb-9fdf-372a894bde4d" testId="e64571bc-af6a-966c-4775-36fa2d416269" testName="Argument_PassedNullString_ShouldThrowException" computerName="HARRY-HP" duration="00:00:00.0003568" startTime="2012-04-11T16:59:09.1628223+03:00" endTime="2012-04-11T16:59:09.1628223+03:00" testType="13cdc9d9-ddb5-4fa4-a97d-d965ccfc6d4b" outcome="Passed" testListId="8c84fa94-04c1-424b-9868-57a2d4851a1d" relativeResultsDirectory="502d5490-6f60-4ccb-9fdf-372a894bde4d">
    </UnitTestResult>
    <UnitTestResult executionId="345feb6d-4c87-486a-9e85-28f8a996005e" testId="30f4accc-0ebe-c8de-e4c7-1581b4516403" testName="Argument_PassedWhiteSpaceString_ShouldThrowException" computerName="HARRY-HP" duration="00:00:00.0003588" startTime="2012-04-11T16:59:09.1628223+03:00" endTime="2012-04-11T16:59:09.1628223+03:00" testType="13cdc9d9-ddb5-4fa4-a97d-d965ccfc6d4b" outcome="Passed" testListId="8c84fa94-04c1-424b-9868-57a2d4851a1d" relativeResultsDirectory="345feb6d-4c87-486a-9e85-28f8a996005e">
    </UnitTestResult>
    <UnitTestResult executionId="4b094a25-ff08-4720-b4ee-66153474dda5" testId="6c07353f-3558-7dbc-956b-054b7a5ea429" testName="Argument_PassedNullExpression_ShouldThrowException" computerName="HARRY-HP" duration="00:00:00.0503683" startTime="2012-04-11T16:59:09.1628223+03:00" endTime="2012-04-11T16:59:09.2252224+03:00" testType="13cdc9d9-ddb5-4fa4-a97d-d965ccfc6d4b" outcome="Passed" testListId="8c84fa94-04c1-424b-9868-57a2d4851a1d" relativeResultsDirectory="4b094a25-ff08-4720-b4ee-66153474dda5">
    </UnitTestResult>
    <UnitTestResult executionId="fa9b2780-b929-454a-8db5-8b9fe59eb2bc" testId="0c6770b8-b914-078b-4c5e-6b069bb0caaf" testName="Argument_PassedEmptyStringExpression_ShouldThrowException" computerName="HARRY-HP" duration="00:00:00.0009216" startTime="2012-04-11T16:59:09.2252224+03:00" endTime="2012-04-11T16:59:09.2252224+03:00" testType="13cdc9d9-ddb5-4fa4-a97d-d965ccfc6d4b" outcome="Passed" testListId="8c84fa94-04c1-424b-9868-57a2d4851a1d" relativeResultsDirectory="fa9b2780-b929-454a-8db5-8b9fe59eb2bc">
    </UnitTestResult>
    <UnitTestResult executionId="4cd2e9ec-dc95-4342-b5fa-5a605207a226" testId="33df93cd-3a66-5bec-5e7f-956114463e88" testName="Argument_PassedNullStringExpression_ShouldThrowException" computerName="HARRY-HP" duration="00:00:00.0007815" startTime="2012-04-11T16:59:09.2252224+03:00" endTime="2012-04-11T16:59:09.2408225+03:00" testType="13cdc9d9-ddb5-4fa4-a97d-d965ccfc6d4b" outcome="Passed" testListId="8c84fa94-04c1-424b-9868-57a2d4851a1d" relativeResultsDirectory="4cd2e9ec-dc95-4342-b5fa-5a605207a226">
    </UnitTestResult>
    <UnitTestResult executionId="df467c28-a6ca-42f1-a7b8-d7ba2d7aacd9" testId="b0032b49-7d8c-7fec-62a0-63d2dcec42e1" testName="Argument_PassedWhiteSpaceStringExpression_ShouldThrowException" computerName="HARRY-HP" duration="00:00:00.0007819" startTime="2012-04-11T16:59:09.2408225+03:00" endTime="2012-04-11T16:59:09.2408225+03:00" testType="13cdc9d9-ddb5-4fa4-a97d-d965ccfc6d4b" outcome="Passed" testListId="8c84fa94-04c1-424b-9868-57a2d4851a1d" relativeResultsDirectory="df467c28-a6ca-42f1-a7b8-d7ba2d7aacd9">
    </UnitTestResult>
    <UnitTestResult executionId="c7e4aaf4-0fcd-4a66-aa31-528c21326a17" testId="f6dc3825-5fde-f1c3-46eb-a2127c952849" testName="Argument_PassedEmptyGuidStringExpression_ShouldThrowException" computerName="HARRY-HP" duration="00:00:00.0014320" startTime="2012-04-11T16:59:09.2720225+03:00" endTime="2012-04-11T16:59:09.2876226+03:00" testType="13cdc9d9-ddb5-4fa4-a97d-d965ccfc6d4b" outcome="Passed" testListId="8c84fa94-04c1-424b-9868-57a2d4851a1d" relativeResultsDirectory="c7e4aaf4-0fcd-4a66-aa31-528c21326a17">
    </UnitTestResult>
    <UnitTestResult executionId="b88b39ce-019e-4f1f-8e69-c0ebb3f2cd9f" testId="35614b8e-8426-353c-4721-aef5a1b85d42" testName="Argument_PassedNotEmptyStringExpression_ShouldNotThrowException" computerName="HARRY-HP" duration="00:00:00.0005289" startTime="2012-04-11T16:59:09.2876226+03:00" endTime="2012-04-11T16:59:09.2876226+03:00" testType="13cdc9d9-ddb5-4fa4-a97d-d965ccfc6d4b" outcome="Passed" testListId="8c84fa94-04c1-424b-9868-57a2d4851a1d" relativeResultsDirectory="b88b39ce-019e-4f1f-8e69-c0ebb3f2cd9f">
    </UnitTestResult>
    <UnitTestResult executionId="fc4ee7ab-8941-47ca-9f27-da8d97d6c9c5" testId="c94e2f0a-5d90-c7b2-7de8-84f41c8c74d8" testName="Argument_PassedNotNullObjectExpression_ShouldNotThrowException" computerName="HARRY-HP" duration="00:00:00.0006888" startTime="2012-04-11T16:59:09.2876226+03:00" endTime="2012-04-11T16:59:09.2876226+03:00" testType="13cdc9d9-ddb5-4fa4-a97d-d965ccfc6d4b" outcome="Passed" testListId="8c84fa94-04c1-424b-9868-57a2d4851a1d" relativeResultsDirectory="fc4ee7ab-8941-47ca-9f27-da8d97d6c9c5">
    </UnitTestResult>
    <UnitTestResult executionId="1c0877d8-b950-488d-9e70-53d9ea098599" testId="030a41f6-f2c7-d276-5729-c0592bc957ba" testName="Argument_PassedNotEmptyGuidExpression_ShouldNotThrowException" computerName="HARRY-HP" duration="00:00:00.0005482" startTime="2012-04-11T16:59:09.2876226+03:00" endTime="2012-04-11T16:59:09.3032226+03:00" testType="13cdc9d9-ddb5-4fa4-a97d-d965ccfc6d4b" outcome="Passed" testListId="8c84fa94-04c1-424b-9868-57a2d4851a1d" relativeResultsDirectory="1c0877d8-b950-488d-9e70-53d9ea098599">
    </UnitTestResult>
    <UnitTestResult executionId="9e45b05c-bad9-4f10-903b-f09f75663f03" testId="33cc7ba4-a102-772e-b938-657f62254a7e" testName="Argument_PassedFalseCondition_ShouldThrowException" computerName="HARRY-HP" duration="00:00:00.0005577" startTime="2012-04-11T16:59:09.3032226+03:00" endTime="2012-04-11T16:59:09.3032226+03:00" testType="13cdc9d9-ddb5-4fa4-a97d-d965ccfc6d4b" outcome="Passed" testListId="8c84fa94-04c1-424b-9868-57a2d4851a1d" relativeResultsDirectory="9e45b05c-bad9-4f10-903b-f09f75663f03">
    </UnitTestResult>
    <UnitTestResult executionId="c24e1a0d-8e37-40ee-9cde-728d00265559" testId="04481d99-8b24-ce0e-4b63-29009813e4cf" testName="Argument_PassedTrueCondition_ShouldNotThrowException" computerName="HARRY-HP" duration="00:00:00.0002171" startTime="2012-04-11T16:59:09.3032226+03:00" endTime="2012-04-11T16:59:09.3032226+03:00" testType="13cdc9d9-ddb5-4fa4-a97d-d965ccfc6d4b" outcome="Passed" testListId="8c84fa94-04c1-424b-9868-57a2d4851a1d" relativeResultsDirectory="c24e1a0d-8e37-40ee-9cde-728d00265559">
    </UnitTestResult>
    <UnitTestResult executionId="6316f5b6-0bc1-45e9-882d-4d7fca4df623" testId="5ff7eed9-7672-c9dc-92d4-18f241e1ced6" testName="must_return_true_for_two_empty_lists_of_events" computerName="HARRY-HP" duration="00:00:00.0094375" startTime="2012-04-11T16:59:09.3032226+03:00" endTime="2012-04-11T16:59:09.5372230+03:00" testType="13cdc9d9-ddb5-4fa4-a97d-d965ccfc6d4b" outcome="Passed" testListId="8c84fa94-04c1-424b-9868-57a2d4851a1d" relativeResultsDirectory="6316f5b6-0bc1-45e9-882d-4d7fca4df623">
    </UnitTestResult>
    <UnitTestResult executionId="26fa1c09-4869-4b1c-87c9-0eb710e9fb2b" testId="5dc8ce45-7224-a655-600e-bd4e235d6326" testName="must_return_true_for_same_single_events" computerName="HARRY-HP" duration="00:00:00.0286321" startTime="2012-04-11T16:59:09.5372230+03:00" endTime="2012-04-11T16:59:09.5684230+03:00" testType="13cdc9d9-ddb5-4fa4-a97d-d965ccfc6d4b" outcome="Passed" testListId="8c84fa94-04c1-424b-9868-57a2d4851a1d" relativeResultsDirectory="26fa1c09-4869-4b1c-87c9-0eb710e9fb2b">
    </UnitTestResult>
    <UnitTestResult executionId="80aa64a5-ce83-4713-990d-77388d7c1039" testId="0118925b-22d8-7f5b-5f82-6edad105c4e7" testName="must_return_true_for_same_event_sets" computerName="HARRY-HP" duration="00:00:00.0018903" startTime="2012-04-11T16:59:09.5684230+03:00" endTime="2012-04-11T16:59:09.5840231+03:00" testType="13cdc9d9-ddb5-4fa4-a97d-d965ccfc6d4b" outcome="Passed" testListId="8c84fa94-04c1-424b-9868-57a2d4851a1d" relativeResultsDirectory="80aa64a5-ce83-4713-990d-77388d7c1039">
    </UnitTestResult>
    <UnitTestResult executionId="e0245b57-499a-4d95-9e02-191e51bb1768" testId="90c28b78-8e02-3570-f3bb-d23a1df37a0c" testName="must_return_false_for_same_single_svents_with_different_property_values" computerName="HARRY-HP" duration="00:00:00.0007480" startTime="2012-04-11T16:59:09.5840231+03:00" endTime="2012-04-11T16:59:09.5840231+03:00" testType="13cdc9d9-ddb5-4fa4-a97d-d965ccfc6d4b" outcome="Passed" testListId="8c84fa94-04c1-424b-9868-57a2d4851a1d" relativeResultsDirectory="e0245b57-499a-4d95-9e02-191e51bb1768">
    </UnitTestResult>
    <UnitTestResult executionId="6692e192-1e1c-49e7-8582-58411d4e39c4" testId="1e03cdbf-eb8c-714d-15a7-40151d4cb660" testName="must_return_false_for_different_numbers_of_events" computerName="HARRY-HP" duration="00:00:00.0004898" startTime="2012-04-11T16:59:09.5840231+03:00" endTime="2012-04-11T16:59:09.5840231+03:00" testType="13cdc9d9-ddb5-4fa4-a97d-d965ccfc6d4b" outcome="Passed" testListId="8c84fa94-04c1-424b-9868-57a2d4851a1d" relativeResultsDirectory="6692e192-1e1c-49e7-8582-58411d4e39c4">
    </UnitTestResult>
    <UnitTestResult executionId="c0d6bca0-bf7c-4c66-8b3e-93b83769479c" testId="5137ecfd-80eb-079d-4e25-7ee38a4b3931" testName="when_changing_product_price" computerName="HARRY-HP" duration="00:00:00.0801751" startTime="2012-04-11T16:59:09.5840231+03:00" endTime="2012-04-11T16:59:09.6776232+03:00" testType="13cdc9d9-ddb5-4fa4-a97d-d965ccfc6d4b" outcome="Passed" testListId="8c84fa94-04c1-424b-9868-57a2d4851a1d" relativeResultsDirectory="c0d6bca0-bf7c-4c66-8b3e-93b83769479c">
    </UnitTestResult>
    <UnitTestResult executionId="ea599b01-e90d-4959-b2e0-4d6646c5ee7c" testId="89046cdd-a4cf-135d-dd9f-200e134698bd" testName="when_changing_price_of_not_existing_product" computerName="HARRY-HP" duration="00:00:00.0010973" startTime="2012-04-11T16:59:09.6776232+03:00" endTime="2012-04-11T16:59:09.6776232+03:00" testType="13cdc9d9-ddb5-4fa4-a97d-d965ccfc6d4b" outcome="Passed" testListId="8c84fa94-04c1-424b-9868-57a2d4851a1d" relativeResultsDirectory="ea599b01-e90d-4959-b2e0-4d6646c5ee7c">
    </UnitTestResult>
    <UnitTestResult executionId="f0ed90ca-a70f-4db6-af37-901940a0a57a" testId="b96a8b8f-f629-e34c-ba70-d9359d5f4aec" testName="when_changing_price_of_product_to_negative_value" computerName="HARRY-HP" duration="00:00:00.0011281" startTime="2012-04-11T16:59:09.6776232+03:00" endTime="2012-04-11T16:59:09.6776232+03:00" testType="13cdc9d9-ddb5-4fa4-a97d-d965ccfc6d4b" outcome="Passed" testListId="8c84fa94-04c1-424b-9868-57a2d4851a1d" relativeResultsDirectory="f0ed90ca-a70f-4db6-af37-901940a0a57a">
    </UnitTestResult>
    <UnitTestResult executionId="e85f9ae3-da1d-408a-80b7-2a6e6acf70f6" testId="310b6ef3-9d44-0d42-64f9-ba186f06b209" testName="when_adding_valid_product" computerName="HARRY-HP" duration="00:00:00.0030236" startTime="2012-04-11T16:59:09.6776232+03:00" endTime="2012-04-11T16:59:09.6932233+03:00" testType="13cdc9d9-ddb5-4fa4-a97d-d965ccfc6d4b" outcome="Passed" testListId="8c84fa94-04c1-424b-9868-57a2d4851a1d" relativeResultsDirectory="e85f9ae3-da1d-408a-80b7-2a6e6acf70f6">
    </UnitTestResult>
    <UnitTestResult executionId="859ae102-a224-4f98-bf60-ea9c5b3c2b5e" testId="649c4c37-fae5-1328-131f-d26166ae551b" testName="must_split_camel_case" computerName="HARRY-HP" duration="00:00:00.0005802" startTime="2012-04-11T16:59:09.6932233+03:00" endTime="2012-04-11T16:59:09.6932233+03:00" testType="13cdc9d9-ddb5-4fa4-a97d-d965ccfc6d4b" outcome="Passed" testListId="8c84fa94-04c1-424b-9868-57a2d4851a1d" relativeResultsDirectory="859ae102-a224-4f98-bf60-ea9c5b3c2b5e">
    </UnitTestResult>
    <UnitTestResult executionId="66ca56d2-145b-42dd-92f5-de97e46a4226" testId="eb25f9e5-c7e6-0120-3cec-b3334e2cc8ee" testName="must_not_split_acronyms" computerName="HARRY-HP" duration="00:00:00.0001551" startTime="2012-04-11T16:59:09.6932233+03:00" endTime="2012-04-11T16:59:09.6932233+03:00" testType="13cdc9d9-ddb5-4fa4-a97d-d965ccfc6d4b" outcome="Passed" testListId="8c84fa94-04c1-424b-9868-57a2d4851a1d" relativeResultsDirectory="66ca56d2-145b-42dd-92f5-de97e46a4226">
    </UnitTestResult>
  </Results>
</TestRun>