<?xml version="1.0" encoding="UTF-8"?>
<TestRun id="12079212-acd7-4e42-ad46-e8f1204a455c" name="Harry@HARRY-HP 2012-04-03 10:51:02" runUser="Harry-HP\Harry" xmlns="http://microsoft.com/schemas/VisualStudio/TeamTest/2010">
  <TestSettings name="Local" id="cea19d41-6cbd-46b6-b1ad-ed83a2b7d7fb">
    <Description>These are default test settings for a local test run.</Description>
    <Deployment enabled="false" runDeploymentRoot="Harry_HARRY-HP 2012-04-03 10_51_02">
      <DeploymentItem filename="C:\Users\Harry\Dropbox\Code\EComWithCQRS\ECom.Domain.Catalog\bin\Debug\ECom.Domain.Catalog.dll" />
      <DeploymentItem filename="C:\Users\Harry\Dropbox\Code\EComWithCQRS\ECom.Domain.Order\bin\Debug\ECom.Domain.Order.dll" />
      <DeploymentItem filename="C:\Users\Harry\Dropbox\Code\EComWithCQRS\ECom.CommandHandlers\bin\Debug\ECom.CommandHandlers.dll" />
      <DeploymentItem filename="C:\Users\Harry\Dropbox\Code\EComWithCQRS\ECom.Domain\bin\Debug\ECom.Domain.dll" />
      <DeploymentItem filename="C:\Users\Harry\Dropbox\Code\EComWithCQRS\ECom.Messages\bin\Debug\ECom.Messages.dll" />
      <DeploymentItem filename="C:\Users\Harry\Dropbox\Code\EComWithCQRS\ECom.Utility\bin\Debug\ECom.Utility.dll" />
    </Deployment>
    <Execution>
      <TestTypeSpecific />
      <AgentRule name="Execution Agents">
      </AgentRule>
    </Execution>
  </TestSettings>
  <Times creation="2012-04-03T10:51:02.5606262+03:00" queuing="2012-04-03T10:51:03.3956740+03:00" start="2012-04-03T10:51:03.4496770+03:00" finish="2012-04-03T10:51:04.2817246+03:00" />
  <ResultSummary outcome="Completed">
    <Counters total="20" executed="20" passed="20" error="0" failed="0" timeout="0" aborted="0" inconclusive="0" passedButRunAborted="0" notRunnable="0" notExecuted="0" disconnected="0" warning="0" completed="0" inProgress="0" pending="0" />
  </ResultSummary>
  <TestDefinitions>
    <UnitTest name="when_changing_product_price" storage="c:\users\harry\dropbox\code\ecomwithcqrs\ecom.commandhandlers.tests\bin\debug\ecom.commandhandlers.tests.dll" id="0c6bd7af-3789-9607-838d-b05fc875a16c">
      <Execution id="53b0de0b-46d1-4273-9f60-86e74cc31c85" />
      <TestMethod codeBase="C:/Users/Harry/Dropbox/Code/EComWithCQRS/ECom.CommandHandlers.Tests/bin/Debug/ECom.CommandHandlers.Tests.DLL" adapterTypeName="Microsoft.VisualStudio.TestTools.TestTypes.Unit.UnitTestAdapter, Microsoft.VisualStudio.QualityTools.Tips.UnitTest.Adapter, Version=10.0.0.0, Culture=neutral, PublicKeyToken=b03f5f7f11d50a3a" className="ECom.CommandHandlers.Tests.Specifications.ChangeProductPriceTests, ECom.CommandHandlers.Tests, Version=1.0.0.0, Culture=neutral, PublicKeyToken=null" name="when_changing_product_price" />
    </UnitTest>
    <UnitTest name="ArgumentChecker_PassedEmptyString_ShouldThrowException" storage="c:\users\harry\dropbox\code\ecomwithcqrs\ecom.utility.tests\bin\debug\ecom.utility.tests.dll" id="2383f518-7878-0165-501a-9a3b5957cce9">
      <Execution id="b94d56d0-2539-4cf8-a1b1-9068126a898a" />
      <TestMethod codeBase="C:/Users/Harry/Dropbox/Code/EComWithCQRS/ECom.Utility.Tests/bin/Debug/ECom.Utility.Tests.DLL" adapterTypeName="Microsoft.VisualStudio.TestTools.TestTypes.Unit.UnitTestAdapter, Microsoft.VisualStudio.QualityTools.Tips.UnitTest.Adapter, Version=10.0.0.0, Culture=neutral, PublicKeyToken=b03f5f7f11d50a3a" className="ECom.Utility.Tests.ArgumentCheckerTests, ECom.Utility.Tests, Version=1.0.0.0, Culture=neutral, PublicKeyToken=null" name="ArgumentChecker_PassedEmptyString_ShouldThrowException" />
    </UnitTest>
    <UnitTest name="when_adding_valid_product" storage="c:\users\harry\dropbox\code\ecomwithcqrs\ecom.commandhandlers.tests\bin\debug\ecom.commandhandlers.tests.dll" id="e47bac22-9313-95c1-8151-a4b19e6012b5">
      <Execution id="374af3ae-27d5-4490-8213-334ce4be5ec4" />
      <TestMethod codeBase="C:/Users/Harry/Dropbox/Code/EComWithCQRS/ECom.CommandHandlers.Tests/bin/Debug/ECom.CommandHandlers.Tests.DLL" adapterTypeName="Microsoft.VisualStudio.TestTools.TestTypes.Unit.UnitTestAdapter, Microsoft.VisualStudio.QualityTools.Tips.UnitTest.Adapter, Version=10.0.0.0, Culture=neutral, PublicKeyToken=b03f5f7f11d50a3a" className="ECom.CommandHandlers.Tests.Specifications.CreateProductTests, ECom.CommandHandlers.Tests, Version=1.0.0.0, Culture=neutral, PublicKeyToken=null" name="when_adding_valid_product" />
    </UnitTest>
    <UnitTest name="ArgumentChecker_PassedEmptyGuidStringExpression_ShouldThrowException" storage="c:\users\harry\dropbox\code\ecomwithcqrs\ecom.utility.tests\bin\debug\ecom.utility.tests.dll" id="de84f97e-6e54-3a63-597a-08f1ccab04cb">
      <Execution id="bd0f76c5-7a8f-4123-a7aa-08a675099b2b" />
      <TestMethod codeBase="C:/Users/Harry/Dropbox/Code/EComWithCQRS/ECom.Utility.Tests/bin/Debug/ECom.Utility.Tests.DLL" adapterTypeName="Microsoft.VisualStudio.TestTools.TestTypes.Unit.UnitTestAdapter, Microsoft.VisualStudio.QualityTools.Tips.UnitTest.Adapter, Version=10.0.0.0, Culture=neutral, PublicKeyToken=b03f5f7f11d50a3a" className="ECom.Utility.Tests.ArgumentCheckerTests, ECom.Utility.Tests, Version=1.0.0.0, Culture=neutral, PublicKeyToken=null" name="ArgumentChecker_PassedEmptyGuidStringExpression_ShouldThrowException" />
    </UnitTest>
    <UnitTest name="EventsComparer_SameSingleEventsWithDifferentProperties_NotSame" storage="c:\users\harry\dropbox\code\ecomwithcqrs\ecom.commandhandlers.tests\bin\debug\ecom.commandhandlers.tests.dll" id="cc87ae18-443d-1278-61de-0980b79c60c3">
      <Execution id="185602e3-ceac-4255-93dc-ff4350dee162" />
      <TestMethod codeBase="C:/Users/Harry/Dropbox/Code/EComWithCQRS/ECom.CommandHandlers.Tests/bin/Debug/ECom.CommandHandlers.Tests.DLL" adapterTypeName="Microsoft.VisualStudio.TestTools.TestTypes.Unit.UnitTestAdapter, Microsoft.VisualStudio.QualityTools.Tips.UnitTest.Adapter, Version=10.0.0.0, Culture=neutral, PublicKeyToken=b03f5f7f11d50a3a" className="ECom.CommandHandlers.Tests.EventsComparerTests, ECom.CommandHandlers.Tests, Version=1.0.0.0, Culture=neutral, PublicKeyToken=null" name="EventsComparer_SameSingleEventsWithDifferentProperties_NotSame" />
    </UnitTest>
    <UnitTest name="ArgumentChecker_PassedNullString_ShouldThrowException" storage="c:\users\harry\dropbox\code\ecomwithcqrs\ecom.utility.tests\bin\debug\ecom.utility.tests.dll" id="36c931ce-f29e-c43a-4ea7-07092f8ff6a6">
      <Execution id="779dca6e-093e-4d7e-b04e-d18c4342e579" />
      <TestMethod codeBase="C:/Users/Harry/Dropbox/Code/EComWithCQRS/ECom.Utility.Tests/bin/Debug/ECom.Utility.Tests.DLL" adapterTypeName="Microsoft.VisualStudio.TestTools.TestTypes.Unit.UnitTestAdapter, Microsoft.VisualStudio.QualityTools.Tips.UnitTest.Adapter, Version=10.0.0.0, Culture=neutral, PublicKeyToken=b03f5f7f11d50a3a" className="ECom.Utility.Tests.ArgumentCheckerTests, ECom.Utility.Tests, Version=1.0.0.0, Culture=neutral, PublicKeyToken=null" name="ArgumentChecker_PassedNullString_ShouldThrowException" />
    </UnitTest>
    <UnitTest name="ArgumentChecker_PassedNullStringExpression_ShouldThrowException" storage="c:\users\harry\dropbox\code\ecomwithcqrs\ecom.utility.tests\bin\debug\ecom.utility.tests.dll" id="5aee6dcf-9313-de42-fbdf-f6fdfb7ede5b">
      <Execution id="30b3a7d4-0e6c-471c-a032-8856ec0946b6" />
      <TestMethod codeBase="C:/Users/Harry/Dropbox/Code/EComWithCQRS/ECom.Utility.Tests/bin/Debug/ECom.Utility.Tests.DLL" adapterTypeName="Microsoft.VisualStudio.TestTools.TestTypes.Unit.UnitTestAdapter, Microsoft.VisualStudio.QualityTools.Tips.UnitTest.Adapter, Version=10.0.0.0, Culture=neutral, PublicKeyToken=b03f5f7f11d50a3a" className="ECom.Utility.Tests.ArgumentCheckerTests, ECom.Utility.Tests, Version=1.0.0.0, Culture=neutral, PublicKeyToken=null" name="ArgumentChecker_PassedNullStringExpression_ShouldThrowException" />
    </UnitTest>
    <UnitTest name="ArgumentChecker_PassedNotEmptyStringExpression_ShouldNotThrowException" storage="c:\users\harry\dropbox\code\ecomwithcqrs\ecom.utility.tests\bin\debug\ecom.utility.tests.dll" id="123ab6d0-576e-7238-28bb-af69756167c3">
      <Execution id="5d30ebbe-c955-497f-8dde-da2dd2b81f91" />
      <TestMethod codeBase="C:/Users/Harry/Dropbox/Code/EComWithCQRS/ECom.Utility.Tests/bin/Debug/ECom.Utility.Tests.DLL" adapterTypeName="Microsoft.VisualStudio.TestTools.TestTypes.Unit.UnitTestAdapter, Microsoft.VisualStudio.QualityTools.Tips.UnitTest.Adapter, Version=10.0.0.0, Culture=neutral, PublicKeyToken=b03f5f7f11d50a3a" className="ECom.Utility.Tests.ArgumentCheckerTests, ECom.Utility.Tests, Version=1.0.0.0, Culture=neutral, PublicKeyToken=null" name="ArgumentChecker_PassedNotEmptyStringExpression_ShouldNotThrowException" />
    </UnitTest>
    <UnitTest name="ArgumentChecker_PassedEmptyStringExpression_ShouldThrowException" storage="c:\users\harry\dropbox\code\ecomwithcqrs\ecom.utility.tests\bin\debug\ecom.utility.tests.dll" id="94ce33ea-ea21-1395-d5f4-8651fd575a21">
      <Execution id="9178107b-11ba-463c-96a4-db5eb8c5833e" />
      <TestMethod codeBase="C:/Users/Harry/Dropbox/Code/EComWithCQRS/ECom.Utility.Tests/bin/Debug/ECom.Utility.Tests.DLL" adapterTypeName="Microsoft.VisualStudio.TestTools.TestTypes.Unit.UnitTestAdapter, Microsoft.VisualStudio.QualityTools.Tips.UnitTest.Adapter, Version=10.0.0.0, Culture=neutral, PublicKeyToken=b03f5f7f11d50a3a" className="ECom.Utility.Tests.ArgumentCheckerTests, ECom.Utility.Tests, Version=1.0.0.0, Culture=neutral, PublicKeyToken=null" name="ArgumentChecker_PassedEmptyStringExpression_ShouldThrowException" />
    </UnitTest>
    <UnitTest name="EventsComparer_DifferentNumbersOfEvents_NotSame" storage="c:\users\harry\dropbox\code\ecomwithcqrs\ecom.commandhandlers.tests\bin\debug\ecom.commandhandlers.tests.dll" id="89f62966-d0a4-5c92-f709-a7e4048d3967">
      <Execution id="72cffca7-5eeb-43ad-a8d9-18ee6c657aa8" />
      <TestMethod codeBase="C:/Users/Harry/Dropbox/Code/EComWithCQRS/ECom.CommandHandlers.Tests/bin/Debug/ECom.CommandHandlers.Tests.DLL" adapterTypeName="Microsoft.VisualStudio.TestTools.TestTypes.Unit.UnitTestAdapter, Microsoft.VisualStudio.QualityTools.Tips.UnitTest.Adapter, Version=10.0.0.0, Culture=neutral, PublicKeyToken=b03f5f7f11d50a3a" className="ECom.CommandHandlers.Tests.EventsComparerTests, ECom.CommandHandlers.Tests, Version=1.0.0.0, Culture=neutral, PublicKeyToken=null" name="EventsComparer_DifferentNumbersOfEvents_NotSame" />
    </UnitTest>
    <UnitTest name="ArgumentChecker_PassedNullExpression_ShouldThrowException" storage="c:\users\harry\dropbox\code\ecomwithcqrs\ecom.utility.tests\bin\debug\ecom.utility.tests.dll" id="4c848af4-d456-1cc3-681a-a327cbf81ab0">
      <Execution id="e53d81c1-1921-46ae-be4b-5375c82941a9" />
      <TestMethod codeBase="C:/Users/Harry/Dropbox/Code/EComWithCQRS/ECom.Utility.Tests/bin/Debug/ECom.Utility.Tests.DLL" adapterTypeName="Microsoft.VisualStudio.TestTools.TestTypes.Unit.UnitTestAdapter, Microsoft.VisualStudio.QualityTools.Tips.UnitTest.Adapter, Version=10.0.0.0, Culture=neutral, PublicKeyToken=b03f5f7f11d50a3a" className="ECom.Utility.Tests.ArgumentCheckerTests, ECom.Utility.Tests, Version=1.0.0.0, Culture=neutral, PublicKeyToken=null" name="ArgumentChecker_PassedNullExpression_ShouldThrowException" />
    </UnitTest>
    <UnitTest name="ArgumentChecker_PassedWhiteSpaceStringExpression_ShouldThrowException" storage="c:\users\harry\dropbox\code\ecomwithcqrs\ecom.utility.tests\bin\debug\ecom.utility.tests.dll" id="8b730576-1e8b-e7f7-697f-4b341fbbfc81">
      <Execution id="0b891da2-72bb-4f43-9841-1a04203de50b" />
      <TestMethod codeBase="C:/Users/Harry/Dropbox/Code/EComWithCQRS/ECom.Utility.Tests/bin/Debug/ECom.Utility.Tests.DLL" adapterTypeName="Microsoft.VisualStudio.TestTools.TestTypes.Unit.UnitTestAdapter, Microsoft.VisualStudio.QualityTools.Tips.UnitTest.Adapter, Version=10.0.0.0, Culture=neutral, PublicKeyToken=b03f5f7f11d50a3a" className="ECom.Utility.Tests.ArgumentCheckerTests, ECom.Utility.Tests, Version=1.0.0.0, Culture=neutral, PublicKeyToken=null" name="ArgumentChecker_PassedWhiteSpaceStringExpression_ShouldThrowException" />
    </UnitTest>
    <UnitTest name="when_changing_price_of_not_existing_product" storage="c:\users\harry\dropbox\code\ecomwithcqrs\ecom.commandhandlers.tests\bin\debug\ecom.commandhandlers.tests.dll" id="aed6500c-3dca-8cc4-3690-70265701d3d7">
      <Execution id="2ec9d4c6-6f8d-4e78-8e87-4f2a834518e5" />
      <TestMethod codeBase="C:/Users/Harry/Dropbox/Code/EComWithCQRS/ECom.CommandHandlers.Tests/bin/Debug/ECom.CommandHandlers.Tests.DLL" adapterTypeName="Microsoft.VisualStudio.TestTools.TestTypes.Unit.UnitTestAdapter, Microsoft.VisualStudio.QualityTools.Tips.UnitTest.Adapter, Version=10.0.0.0, Culture=neutral, PublicKeyToken=b03f5f7f11d50a3a" className="ECom.CommandHandlers.Tests.Specifications.ChangeProductPriceTests, ECom.CommandHandlers.Tests, Version=1.0.0.0, Culture=neutral, PublicKeyToken=null" name="when_changing_price_of_not_existing_product" />
    </UnitTest>
    <UnitTest name="ArgumentChecker_PassedWhiteSpaceString_ShouldThrowException" storage="c:\users\harry\dropbox\code\ecomwithcqrs\ecom.utility.tests\bin\debug\ecom.utility.tests.dll" id="059db0a2-88ba-f772-5484-000f779b9348">
      <Execution id="2cfe35de-a88f-4b33-a1fd-8a2233e76b4d" />
      <TestMethod codeBase="C:/Users/Harry/Dropbox/Code/EComWithCQRS/ECom.Utility.Tests/bin/Debug/ECom.Utility.Tests.DLL" adapterTypeName="Microsoft.VisualStudio.TestTools.TestTypes.Unit.UnitTestAdapter, Microsoft.VisualStudio.QualityTools.Tips.UnitTest.Adapter, Version=10.0.0.0, Culture=neutral, PublicKeyToken=b03f5f7f11d50a3a" className="ECom.Utility.Tests.ArgumentCheckerTests, ECom.Utility.Tests, Version=1.0.0.0, Culture=neutral, PublicKeyToken=null" name="ArgumentChecker_PassedWhiteSpaceString_ShouldThrowException" />
    </UnitTest>
    <UnitTest name="EventsComparer_SameSingleEvents_AreSame" storage="c:\users\harry\dropbox\code\ecomwithcqrs\ecom.commandhandlers.tests\bin\debug\ecom.commandhandlers.tests.dll" id="d1b9004e-b599-72a8-de1a-8759bb05909d">
      <Execution id="6cef5687-ae93-481c-9730-d51b188ed363" />
      <TestMethod codeBase="C:/Users/Harry/Dropbox/Code/EComWithCQRS/ECom.CommandHandlers.Tests/bin/Debug/ECom.CommandHandlers.Tests.DLL" adapterTypeName="Microsoft.VisualStudio.TestTools.TestTypes.Unit.UnitTestAdapter, Microsoft.VisualStudio.QualityTools.Tips.UnitTest.Adapter, Version=10.0.0.0, Culture=neutral, PublicKeyToken=b03f5f7f11d50a3a" className="ECom.CommandHandlers.Tests.EventsComparerTests, ECom.CommandHandlers.Tests, Version=1.0.0.0, Culture=neutral, PublicKeyToken=null" name="EventsComparer_SameSingleEvents_AreSame" />
    </UnitTest>
    <UnitTest name="ArgumentChecker_PassedNotEmptyGuidExpression_ShouldNotThrowException" storage="c:\users\harry\dropbox\code\ecomwithcqrs\ecom.utility.tests\bin\debug\ecom.utility.tests.dll" id="0116cc0b-e067-4c42-c988-6271e1c0d153">
      <Execution id="77a5178f-2268-483f-9933-fb258457a90d" />
      <TestMethod codeBase="C:/Users/Harry/Dropbox/Code/EComWithCQRS/ECom.Utility.Tests/bin/Debug/ECom.Utility.Tests.DLL" adapterTypeName="Microsoft.VisualStudio.TestTools.TestTypes.Unit.UnitTestAdapter, Microsoft.VisualStudio.QualityTools.Tips.UnitTest.Adapter, Version=10.0.0.0, Culture=neutral, PublicKeyToken=b03f5f7f11d50a3a" className="ECom.Utility.Tests.ArgumentCheckerTests, ECom.Utility.Tests, Version=1.0.0.0, Culture=neutral, PublicKeyToken=null" name="ArgumentChecker_PassedNotEmptyGuidExpression_ShouldNotThrowException" />
    </UnitTest>
    <UnitTest name="EventsComparer_TwoEmptyListsOfEvents_AreSame" storage="c:\users\harry\dropbox\code\ecomwithcqrs\ecom.commandhandlers.tests\bin\debug\ecom.commandhandlers.tests.dll" id="5fde20ee-544b-dcda-a8b3-ad7013905089">
      <Execution id="ca304ba2-834d-432a-abb8-cfb10811527a" />
      <TestMethod codeBase="C:/Users/Harry/Dropbox/Code/EComWithCQRS/ECom.CommandHandlers.Tests/bin/Debug/ECom.CommandHandlers.Tests.DLL" adapterTypeName="Microsoft.VisualStudio.TestTools.TestTypes.Unit.UnitTestAdapter, Microsoft.VisualStudio.QualityTools.Tips.UnitTest.Adapter, Version=10.0.0.0, Culture=neutral, PublicKeyToken=b03f5f7f11d50a3a" className="ECom.CommandHandlers.Tests.EventsComparerTests, ECom.CommandHandlers.Tests, Version=1.0.0.0, Culture=neutral, PublicKeyToken=null" name="EventsComparer_TwoEmptyListsOfEvents_AreSame" />
    </UnitTest>
    <UnitTest name="ArgumentChecker_PassedNotNullObjectExpression_ShouldNotThrowException" storage="c:\users\harry\dropbox\code\ecomwithcqrs\ecom.utility.tests\bin\debug\ecom.utility.tests.dll" id="ea89121b-635d-81f6-b7fe-d4136b6c39f8">
      <Execution id="efbd87cf-29f9-4498-b7cc-48ffa81f714b" />
      <TestMethod codeBase="C:/Users/Harry/Dropbox/Code/EComWithCQRS/ECom.Utility.Tests/bin/Debug/ECom.Utility.Tests.DLL" adapterTypeName="Microsoft.VisualStudio.TestTools.TestTypes.Unit.UnitTestAdapter, Microsoft.VisualStudio.QualityTools.Tips.UnitTest.Adapter, Version=10.0.0.0, Culture=neutral, PublicKeyToken=b03f5f7f11d50a3a" className="ECom.Utility.Tests.ArgumentCheckerTests, ECom.Utility.Tests, Version=1.0.0.0, Culture=neutral, PublicKeyToken=null" name="ArgumentChecker_PassedNotNullObjectExpression_ShouldNotThrowException" />
    </UnitTest>
    <UnitTest name="ArgumentChecker_PassedNull_ShouldThrowException" storage="c:\users\harry\dropbox\code\ecomwithcqrs\ecom.utility.tests\bin\debug\ecom.utility.tests.dll" id="dea47f32-3e00-4ddb-1038-378d0269cff2">
      <Execution id="f24361d5-ac78-4b71-83a9-30438452c09f" />
      <TestMethod codeBase="C:/Users/Harry/Dropbox/Code/EComWithCQRS/ECom.Utility.Tests/bin/Debug/ECom.Utility.Tests.DLL" adapterTypeName="Microsoft.VisualStudio.TestTools.TestTypes.Unit.UnitTestAdapter, Microsoft.VisualStudio.QualityTools.Tips.UnitTest.Adapter, Version=10.0.0.0, Culture=neutral, PublicKeyToken=b03f5f7f11d50a3a" className="ECom.Utility.Tests.ArgumentCheckerTests, ECom.Utility.Tests, Version=1.0.0.0, Culture=neutral, PublicKeyToken=null" name="ArgumentChecker_PassedNull_ShouldThrowException" />
    </UnitTest>
    <UnitTest name="when_changing_price_of_product_to_negative_value" storage="c:\users\harry\dropbox\code\ecomwithcqrs\ecom.commandhandlers.tests\bin\debug\ecom.commandhandlers.tests.dll" id="e1971c2a-37ac-8fb8-ab90-218e54da5870">
      <Execution id="61a7f616-18fd-4473-82b6-348bef4f5e5d" />
      <TestMethod codeBase="C:/Users/Harry/Dropbox/Code/EComWithCQRS/ECom.CommandHandlers.Tests/bin/Debug/ECom.CommandHandlers.Tests.DLL" adapterTypeName="Microsoft.VisualStudio.TestTools.TestTypes.Unit.UnitTestAdapter, Microsoft.VisualStudio.QualityTools.Tips.UnitTest.Adapter, Version=10.0.0.0, Culture=neutral, PublicKeyToken=b03f5f7f11d50a3a" className="ECom.CommandHandlers.Tests.Specifications.ChangeProductPriceTests, ECom.CommandHandlers.Tests, Version=1.0.0.0, Culture=neutral, PublicKeyToken=null" name="when_changing_price_of_product_to_negative_value" />
    </UnitTest>
  </TestDefinitions>
  <TestLists>
    <TestList name="Results Not in a List" id="8c84fa94-04c1-424b-9868-57a2d4851a1d" />
    <TestList name="All Loaded Results" id="19431567-8539-422a-85d7-44ee4e166bda" />
  </TestLists>
  <TestEntries>
    <TestEntry testId="dea47f32-3e00-4ddb-1038-378d0269cff2" executionId="f24361d5-ac78-4b71-83a9-30438452c09f" testListId="8c84fa94-04c1-424b-9868-57a2d4851a1d" />
    <TestEntry testId="2383f518-7878-0165-501a-9a3b5957cce9" executionId="b94d56d0-2539-4cf8-a1b1-9068126a898a" testListId="8c84fa94-04c1-424b-9868-57a2d4851a1d" />
    <TestEntry testId="36c931ce-f29e-c43a-4ea7-07092f8ff6a6" executionId="779dca6e-093e-4d7e-b04e-d18c4342e579" testListId="8c84fa94-04c1-424b-9868-57a2d4851a1d" />
    <TestEntry testId="059db0a2-88ba-f772-5484-000f779b9348" executionId="2cfe35de-a88f-4b33-a1fd-8a2233e76b4d" testListId="8c84fa94-04c1-424b-9868-57a2d4851a1d" />
    <TestEntry testId="4c848af4-d456-1cc3-681a-a327cbf81ab0" executionId="e53d81c1-1921-46ae-be4b-5375c82941a9" testListId="8c84fa94-04c1-424b-9868-57a2d4851a1d" />
    <TestEntry testId="94ce33ea-ea21-1395-d5f4-8651fd575a21" executionId="9178107b-11ba-463c-96a4-db5eb8c5833e" testListId="8c84fa94-04c1-424b-9868-57a2d4851a1d" />
    <TestEntry testId="5aee6dcf-9313-de42-fbdf-f6fdfb7ede5b" executionId="30b3a7d4-0e6c-471c-a032-8856ec0946b6" testListId="8c84fa94-04c1-424b-9868-57a2d4851a1d" />
    <TestEntry testId="8b730576-1e8b-e7f7-697f-4b341fbbfc81" executionId="0b891da2-72bb-4f43-9841-1a04203de50b" testListId="8c84fa94-04c1-424b-9868-57a2d4851a1d" />
    <TestEntry testId="de84f97e-6e54-3a63-597a-08f1ccab04cb" executionId="bd0f76c5-7a8f-4123-a7aa-08a675099b2b" testListId="8c84fa94-04c1-424b-9868-57a2d4851a1d" />
    <TestEntry testId="123ab6d0-576e-7238-28bb-af69756167c3" executionId="5d30ebbe-c955-497f-8dde-da2dd2b81f91" testListId="8c84fa94-04c1-424b-9868-57a2d4851a1d" />
    <TestEntry testId="ea89121b-635d-81f6-b7fe-d4136b6c39f8" executionId="efbd87cf-29f9-4498-b7cc-48ffa81f714b" testListId="8c84fa94-04c1-424b-9868-57a2d4851a1d" />
    <TestEntry testId="0116cc0b-e067-4c42-c988-6271e1c0d153" executionId="77a5178f-2268-483f-9933-fb258457a90d" testListId="8c84fa94-04c1-424b-9868-57a2d4851a1d" />
    <TestEntry testId="0c6bd7af-3789-9607-838d-b05fc875a16c" executionId="53b0de0b-46d1-4273-9f60-86e74cc31c85" testListId="8c84fa94-04c1-424b-9868-57a2d4851a1d" />
    <TestEntry testId="aed6500c-3dca-8cc4-3690-70265701d3d7" executionId="2ec9d4c6-6f8d-4e78-8e87-4f2a834518e5" testListId="8c84fa94-04c1-424b-9868-57a2d4851a1d" />
    <TestEntry testId="e1971c2a-37ac-8fb8-ab90-218e54da5870" executionId="61a7f616-18fd-4473-82b6-348bef4f5e5d" testListId="8c84fa94-04c1-424b-9868-57a2d4851a1d" />
    <TestEntry testId="e47bac22-9313-95c1-8151-a4b19e6012b5" executionId="374af3ae-27d5-4490-8213-334ce4be5ec4" testListId="8c84fa94-04c1-424b-9868-57a2d4851a1d" />
    <TestEntry testId="5fde20ee-544b-dcda-a8b3-ad7013905089" executionId="ca304ba2-834d-432a-abb8-cfb10811527a" testListId="8c84fa94-04c1-424b-9868-57a2d4851a1d" />
    <TestEntry testId="d1b9004e-b599-72a8-de1a-8759bb05909d" executionId="6cef5687-ae93-481c-9730-d51b188ed363" testListId="8c84fa94-04c1-424b-9868-57a2d4851a1d" />
    <TestEntry testId="cc87ae18-443d-1278-61de-0980b79c60c3" executionId="185602e3-ceac-4255-93dc-ff4350dee162" testListId="8c84fa94-04c1-424b-9868-57a2d4851a1d" />
    <TestEntry testId="89f62966-d0a4-5c92-f709-a7e4048d3967" executionId="72cffca7-5eeb-43ad-a8d9-18ee6c657aa8" testListId="8c84fa94-04c1-424b-9868-57a2d4851a1d" />
  </TestEntries>
  <Results>
    <UnitTestResult executionId="f24361d5-ac78-4b71-83a9-30438452c09f" testId="dea47f32-3e00-4ddb-1038-378d0269cff2" testName="ArgumentChecker_PassedNull_ShouldThrowException" computerName="HARRY-HP" duration="00:00:00.0392937" startTime="2012-04-03T10:51:03.4816789+03:00" endTime="2012-04-03T10:51:03.8126978+03:00" testType="13cdc9d9-ddb5-4fa4-a97d-d965ccfc6d4b" outcome="Passed" testListId="8c84fa94-04c1-424b-9868-57a2d4851a1d" relativeResultsDirectory="f24361d5-ac78-4b71-83a9-30438452c09f">
    </UnitTestResult>
    <UnitTestResult executionId="b94d56d0-2539-4cf8-a1b1-9068126a898a" testId="2383f518-7878-0165-501a-9a3b5957cce9" testName="ArgumentChecker_PassedEmptyString_ShouldThrowException" computerName="HARRY-HP" duration="00:00:00.0005005" startTime="2012-04-03T10:51:03.8176981+03:00" endTime="2012-04-03T10:51:03.8216983+03:00" testType="13cdc9d9-ddb5-4fa4-a97d-d965ccfc6d4b" outcome="Passed" testListId="8c84fa94-04c1-424b-9868-57a2d4851a1d" relativeResultsDirectory="b94d56d0-2539-4cf8-a1b1-9068126a898a">
    </UnitTestResult>
    <UnitTestResult executionId="779dca6e-093e-4d7e-b04e-d18c4342e579" testId="36c931ce-f29e-c43a-4ea7-07092f8ff6a6" testName="ArgumentChecker_PassedNullString_ShouldThrowException" computerName="HARRY-HP" duration="00:00:00.0005356" startTime="2012-04-03T10:51:03.8266986+03:00" endTime="2012-04-03T10:51:03.8306988+03:00" testType="13cdc9d9-ddb5-4fa4-a97d-d965ccfc6d4b" outcome="Passed" testListId="8c84fa94-04c1-424b-9868-57a2d4851a1d" relativeResultsDirectory="779dca6e-093e-4d7e-b04e-d18c4342e579">
    </UnitTestResult>
    <UnitTestResult executionId="2cfe35de-a88f-4b33-a1fd-8a2233e76b4d" testId="059db0a2-88ba-f772-5484-000f779b9348" testName="ArgumentChecker_PassedWhiteSpaceString_ShouldThrowException" computerName="HARRY-HP" duration="00:00:00.0005123" startTime="2012-04-03T10:51:03.8326990+03:00" endTime="2012-04-03T10:51:03.8356991+03:00" testType="13cdc9d9-ddb5-4fa4-a97d-d965ccfc6d4b" outcome="Passed" testListId="8c84fa94-04c1-424b-9868-57a2d4851a1d" relativeResultsDirectory="2cfe35de-a88f-4b33-a1fd-8a2233e76b4d">
    </UnitTestResult>
    <UnitTestResult executionId="e53d81c1-1921-46ae-be4b-5375c82941a9" testId="4c848af4-d456-1cc3-681a-a327cbf81ab0" testName="ArgumentChecker_PassedNullExpression_ShouldThrowException" computerName="HARRY-HP" duration="00:00:00.0035028" startTime="2012-04-03T10:51:03.8386993+03:00" endTime="2012-04-03T10:51:03.8446996+03:00" testType="13cdc9d9-ddb5-4fa4-a97d-d965ccfc6d4b" outcome="Passed" testListId="8c84fa94-04c1-424b-9868-57a2d4851a1d" relativeResultsDirectory="e53d81c1-1921-46ae-be4b-5375c82941a9">
    </UnitTestResult>
    <UnitTestResult executionId="9178107b-11ba-463c-96a4-db5eb8c5833e" testId="94ce33ea-ea21-1395-d5f4-8651fd575a21" testName="ArgumentChecker_PassedEmptyStringExpression_ShouldThrowException" computerName="HARRY-HP" duration="00:00:00.0010709" startTime="2012-04-03T10:51:03.8476998+03:00" endTime="2012-04-03T10:51:03.8517000+03:00" testType="13cdc9d9-ddb5-4fa4-a97d-d965ccfc6d4b" outcome="Passed" testListId="8c84fa94-04c1-424b-9868-57a2d4851a1d" relativeResultsDirectory="9178107b-11ba-463c-96a4-db5eb8c5833e">
    </UnitTestResult>
    <UnitTestResult executionId="30b3a7d4-0e6c-471c-a032-8856ec0946b6" testId="5aee6dcf-9313-de42-fbdf-f6fdfb7ede5b" testName="ArgumentChecker_PassedNullStringExpression_ShouldThrowException" computerName="HARRY-HP" duration="00:00:00.0008016" startTime="2012-04-03T10:51:03.8527001+03:00" endTime="2012-04-03T10:51:03.8567003+03:00" testType="13cdc9d9-ddb5-4fa4-a97d-d965ccfc6d4b" outcome="Passed" testListId="8c84fa94-04c1-424b-9868-57a2d4851a1d" relativeResultsDirectory="30b3a7d4-0e6c-471c-a032-8856ec0946b6">
    </UnitTestResult>
    <UnitTestResult executionId="0b891da2-72bb-4f43-9841-1a04203de50b" testId="8b730576-1e8b-e7f7-697f-4b341fbbfc81" testName="ArgumentChecker_PassedWhiteSpaceStringExpression_ShouldThrowException" computerName="HARRY-HP" duration="00:00:00.0009098" startTime="2012-04-03T10:51:03.8587004+03:00" endTime="2012-04-03T10:51:03.8637007+03:00" testType="13cdc9d9-ddb5-4fa4-a97d-d965ccfc6d4b" outcome="Passed" testListId="8c84fa94-04c1-424b-9868-57a2d4851a1d" relativeResultsDirectory="0b891da2-72bb-4f43-9841-1a04203de50b">
    </UnitTestResult>
    <UnitTestResult executionId="bd0f76c5-7a8f-4123-a7aa-08a675099b2b" testId="de84f97e-6e54-3a63-597a-08f1ccab04cb" testName="ArgumentChecker_PassedEmptyGuidStringExpression_ShouldThrowException" computerName="HARRY-HP" duration="00:00:00.0013487" startTime="2012-04-03T10:51:03.8667009+03:00" endTime="2012-04-03T10:51:03.8707011+03:00" testType="13cdc9d9-ddb5-4fa4-a97d-d965ccfc6d4b" outcome="Passed" testListId="8c84fa94-04c1-424b-9868-57a2d4851a1d" relativeResultsDirectory="bd0f76c5-7a8f-4123-a7aa-08a675099b2b">
    </UnitTestResult>
    <UnitTestResult executionId="5d30ebbe-c955-497f-8dde-da2dd2b81f91" testId="123ab6d0-576e-7238-28bb-af69756167c3" testName="ArgumentChecker_PassedNotEmptyStringExpression_ShouldNotThrowException" computerName="HARRY-HP" duration="00:00:00.0007638" startTime="2012-04-03T10:51:03.8727012+03:00" endTime="2012-04-03T10:51:03.8757014+03:00" testType="13cdc9d9-ddb5-4fa4-a97d-d965ccfc6d4b" outcome="Passed" testListId="8c84fa94-04c1-424b-9868-57a2d4851a1d" relativeResultsDirectory="5d30ebbe-c955-497f-8dde-da2dd2b81f91">
    </UnitTestResult>
    <UnitTestResult executionId="efbd87cf-29f9-4498-b7cc-48ffa81f714b" testId="ea89121b-635d-81f6-b7fe-d4136b6c39f8" testName="ArgumentChecker_PassedNotNullObjectExpression_ShouldNotThrowException" computerName="HARRY-HP" duration="00:00:00.0009003" startTime="2012-04-03T10:51:03.8787016+03:00" endTime="2012-04-03T10:51:03.8827018+03:00" testType="13cdc9d9-ddb5-4fa4-a97d-d965ccfc6d4b" outcome="Passed" testListId="8c84fa94-04c1-424b-9868-57a2d4851a1d" relativeResultsDirectory="efbd87cf-29f9-4498-b7cc-48ffa81f714b">
    </UnitTestResult>
    <UnitTestResult executionId="77a5178f-2268-483f-9933-fb258457a90d" testId="0116cc0b-e067-4c42-c988-6271e1c0d153" testName="ArgumentChecker_PassedNotEmptyGuidExpression_ShouldNotThrowException" computerName="HARRY-HP" duration="00:00:00.0007582" startTime="2012-04-03T10:51:03.8867020+03:00" endTime="2012-04-03T10:51:03.8907023+03:00" testType="13cdc9d9-ddb5-4fa4-a97d-d965ccfc6d4b" outcome="Passed" testListId="8c84fa94-04c1-424b-9868-57a2d4851a1d" relativeResultsDirectory="77a5178f-2268-483f-9933-fb258457a90d">
    </UnitTestResult>
    <UnitTestResult executionId="53b0de0b-46d1-4273-9f60-86e74cc31c85" testId="0c6bd7af-3789-9607-838d-b05fc875a16c" testName="when_changing_product_price" computerName="HARRY-HP" duration="00:00:00.1371725" startTime="2012-04-03T10:51:03.8927024+03:00" endTime="2012-04-03T10:51:04.2097205+03:00" testType="13cdc9d9-ddb5-4fa4-a97d-d965ccfc6d4b" outcome="Passed" testListId="8c84fa94-04c1-424b-9868-57a2d4851a1d" relativeResultsDirectory="53b0de0b-46d1-4273-9f60-86e74cc31c85">
    </UnitTestResult>
    <UnitTestResult executionId="2ec9d4c6-6f8d-4e78-8e87-4f2a834518e5" testId="aed6500c-3dca-8cc4-3690-70265701d3d7" testName="when_changing_price_of_not_existing_product" computerName="HARRY-HP" duration="00:00:00.0013744" startTime="2012-04-03T10:51:04.2117206+03:00" endTime="2012-04-03T10:51:04.2167209+03:00" testType="13cdc9d9-ddb5-4fa4-a97d-d965ccfc6d4b" outcome="Passed" testListId="8c84fa94-04c1-424b-9868-57a2d4851a1d" relativeResultsDirectory="2ec9d4c6-6f8d-4e78-8e87-4f2a834518e5">
    </UnitTestResult>
    <UnitTestResult executionId="61a7f616-18fd-4473-82b6-348bef4f5e5d" testId="e1971c2a-37ac-8fb8-ab90-218e54da5870" testName="when_changing_price_of_product_to_negative_value" computerName="HARRY-HP" duration="00:00:00.0012299" startTime="2012-04-03T10:51:04.2187210+03:00" endTime="2012-04-03T10:51:04.2227213+03:00" testType="13cdc9d9-ddb5-4fa4-a97d-d965ccfc6d4b" outcome="Passed" testListId="8c84fa94-04c1-424b-9868-57a2d4851a1d" relativeResultsDirectory="61a7f616-18fd-4473-82b6-348bef4f5e5d">
    </UnitTestResult>
    <UnitTestResult executionId="374af3ae-27d5-4490-8213-334ce4be5ec4" testId="e47bac22-9313-95c1-8151-a4b19e6012b5" testName="when_adding_valid_product" computerName="HARRY-HP" duration="00:00:00.0033220" startTime="2012-04-03T10:51:04.2247214+03:00" endTime="2012-04-03T10:51:04.2307217+03:00" testType="13cdc9d9-ddb5-4fa4-a97d-d965ccfc6d4b" outcome="Passed" testListId="8c84fa94-04c1-424b-9868-57a2d4851a1d" relativeResultsDirectory="374af3ae-27d5-4490-8213-334ce4be5ec4">
    </UnitTestResult>
    <UnitTestResult executionId="ca304ba2-834d-432a-abb8-cfb10811527a" testId="5fde20ee-544b-dcda-a8b3-ad7013905089" testName="EventsComparer_TwoEmptyListsOfEvents_AreSame" computerName="HARRY-HP" duration="00:00:00.0002486" startTime="2012-04-03T10:51:04.2337219+03:00" endTime="2012-04-03T10:51:04.2367221+03:00" testType="13cdc9d9-ddb5-4fa4-a97d-d965ccfc6d4b" outcome="Passed" testListId="8c84fa94-04c1-424b-9868-57a2d4851a1d" relativeResultsDirectory="ca304ba2-834d-432a-abb8-cfb10811527a">
    </UnitTestResult>
    <UnitTestResult executionId="6cef5687-ae93-481c-9730-d51b188ed363" testId="d1b9004e-b599-72a8-de1a-8759bb05909d" testName="EventsComparer_SameSingleEvents_AreSame" computerName="HARRY-HP" duration="00:00:00.0008016" startTime="2012-04-03T10:51:04.2387222+03:00" endTime="2012-04-03T10:51:04.2427224+03:00" testType="13cdc9d9-ddb5-4fa4-a97d-d965ccfc6d4b" outcome="Passed" testListId="8c84fa94-04c1-424b-9868-57a2d4851a1d" relativeResultsDirectory="6cef5687-ae93-481c-9730-d51b188ed363">
    </UnitTestResult>
    <UnitTestResult executionId="185602e3-ceac-4255-93dc-ff4350dee162" testId="cc87ae18-443d-1278-61de-0980b79c60c3" testName="EventsComparer_SameSingleEventsWithDifferentProperties_NotSame" computerName="HARRY-HP" duration="00:00:00.0009730" startTime="2012-04-03T10:51:04.2447225+03:00" endTime="2012-04-03T10:51:04.2527230+03:00" testType="13cdc9d9-ddb5-4fa4-a97d-d965ccfc6d4b" outcome="Passed" testListId="8c84fa94-04c1-424b-9868-57a2d4851a1d" relativeResultsDirectory="185602e3-ceac-4255-93dc-ff4350dee162">
    </UnitTestResult>
    <UnitTestResult executionId="72cffca7-5eeb-43ad-a8d9-18ee6c657aa8" testId="89f62966-d0a4-5c92-f709-a7e4048d3967" testName="EventsComparer_DifferentNumbersOfEvents_NotSame" computerName="HARRY-HP" duration="00:00:00.0006943" startTime="2012-04-03T10:51:04.2557232+03:00" endTime="2012-04-03T10:51:04.2587233+03:00" testType="13cdc9d9-ddb5-4fa4-a97d-d965ccfc6d4b" outcome="Passed" testListId="8c84fa94-04c1-424b-9868-57a2d4851a1d" relativeResultsDirectory="72cffca7-5eeb-43ad-a8d9-18ee6c657aa8">
    </UnitTestResult>
  </Results>
</TestRun>