<?xml version="1.0" encoding="UTF-8"?>
<TestRun id="fdbd47f1-d83d-480e-baf6-3f3011ddffad" name="Harry@HARRY-HP 2012-04-10 13:49:00" runUser="Harry-HP\Harry" xmlns="http://microsoft.com/schemas/VisualStudio/TeamTest/2010">
  <TestSettings name="Local" id="cea19d41-6cbd-46b6-b1ad-ed83a2b7d7fb">
    <Description>These are default test settings for a local test run.</Description>
    <Deployment enabled="false" runDeploymentRoot="Harry_HARRY-HP 2012-04-10 13_49_00">
      <DeploymentItem filename="C:\Users\Harry\Dropbox\Code\EComWithCQRS\ECom.Utility\bin\Debug\ECom.Utility.dll" />
    </Deployment>
    <Execution>
      <TestTypeSpecific />
      <AgentRule name="Execution Agents">
      </AgentRule>
    </Execution>
  </TestSettings>
  <Times creation="2012-04-10T13:49:00.4628050+03:00" queuing="2012-04-10T13:49:00.5638108+03:00" start="2012-04-10T13:49:00.5778116+03:00" finish="2012-04-10T13:49:00.9618335+03:00" />
  <ResultSummary outcome="Completed">
    <Counters total="14" executed="14" passed="14" error="0" failed="0" timeout="0" aborted="0" inconclusive="0" passedButRunAborted="0" notRunnable="0" notExecuted="0" disconnected="0" warning="0" completed="0" inProgress="0" pending="0" />
  </ResultSummary>
  <TestDefinitions>
    <UnitTest name="Argument_PassedWhiteSpaceString_ShouldThrowException" storage="c:\users\harry\dropbox\code\ecomwithcqrs\ecom.utility.tests\bin\debug\ecom.utility.tests.dll" id="30f4accc-0ebe-c8de-e4c7-1581b4516403">
      <Execution id="89298d29-7dd6-40ce-9edd-936c15fa5396" />
      <TestMethod codeBase="C:/Users/Harry/Dropbox/Code/EComWithCQRS/ECom.Utility.Tests/bin/Debug/ECom.Utility.Tests.DLL" adapterTypeName="Microsoft.VisualStudio.TestTools.TestTypes.Unit.UnitTestAdapter, Microsoft.VisualStudio.QualityTools.Tips.UnitTest.Adapter, Version=10.0.0.0, Culture=neutral, PublicKeyToken=b03f5f7f11d50a3a" className="ECom.Utility.Tests.ArgumentTests, ECom.Utility.Tests, Version=1.0.0.0, Culture=neutral, PublicKeyToken=null" name="Argument_PassedWhiteSpaceString_ShouldThrowException" />
    </UnitTest>
    <UnitTest name="Argument_PassedEmptyStringExpression_ShouldThrowException" storage="c:\users\harry\dropbox\code\ecomwithcqrs\ecom.utility.tests\bin\debug\ecom.utility.tests.dll" id="0c6770b8-b914-078b-4c5e-6b069bb0caaf">
      <Execution id="c2cd901b-1751-44c7-8313-63029115d39e" />
      <TestMethod codeBase="C:/Users/Harry/Dropbox/Code/EComWithCQRS/ECom.Utility.Tests/bin/Debug/ECom.Utility.Tests.DLL" adapterTypeName="Microsoft.VisualStudio.TestTools.TestTypes.Unit.UnitTestAdapter, Microsoft.VisualStudio.QualityTools.Tips.UnitTest.Adapter, Version=10.0.0.0, Culture=neutral, PublicKeyToken=b03f5f7f11d50a3a" className="ECom.Utility.Tests.ArgumentTests, ECom.Utility.Tests, Version=1.0.0.0, Culture=neutral, PublicKeyToken=null" name="Argument_PassedEmptyStringExpression_ShouldThrowException" />
    </UnitTest>
    <UnitTest name="Argument_PassedNotEmptyStringExpression_ShouldNotThrowException" storage="c:\users\harry\dropbox\code\ecomwithcqrs\ecom.utility.tests\bin\debug\ecom.utility.tests.dll" id="35614b8e-8426-353c-4721-aef5a1b85d42">
      <Execution id="364e27e0-2504-444e-8df3-e07a1d824c74" />
      <TestMethod codeBase="C:/Users/Harry/Dropbox/Code/EComWithCQRS/ECom.Utility.Tests/bin/Debug/ECom.Utility.Tests.DLL" adapterTypeName="Microsoft.VisualStudio.TestTools.TestTypes.Unit.UnitTestAdapter, Microsoft.VisualStudio.QualityTools.Tips.UnitTest.Adapter, Version=10.0.0.0, Culture=neutral, PublicKeyToken=b03f5f7f11d50a3a" className="ECom.Utility.Tests.ArgumentTests, ECom.Utility.Tests, Version=1.0.0.0, Culture=neutral, PublicKeyToken=null" name="Argument_PassedNotEmptyStringExpression_ShouldNotThrowException" />
    </UnitTest>
    <UnitTest name="Argument_PassedEmptyGuidStringExpression_ShouldThrowException" storage="c:\users\harry\dropbox\code\ecomwithcqrs\ecom.utility.tests\bin\debug\ecom.utility.tests.dll" id="f6dc3825-5fde-f1c3-46eb-a2127c952849">
      <Execution id="e15fc123-730b-4833-bb29-dea019789b39" />
      <TestMethod codeBase="C:/Users/Harry/Dropbox/Code/EComWithCQRS/ECom.Utility.Tests/bin/Debug/ECom.Utility.Tests.DLL" adapterTypeName="Microsoft.VisualStudio.TestTools.TestTypes.Unit.UnitTestAdapter, Microsoft.VisualStudio.QualityTools.Tips.UnitTest.Adapter, Version=10.0.0.0, Culture=neutral, PublicKeyToken=b03f5f7f11d50a3a" className="ECom.Utility.Tests.ArgumentTests, ECom.Utility.Tests, Version=1.0.0.0, Culture=neutral, PublicKeyToken=null" name="Argument_PassedEmptyGuidStringExpression_ShouldThrowException" />
    </UnitTest>
    <UnitTest name="Argument_PassedTrueCondition_ShouldNotThrowException" storage="c:\users\harry\dropbox\code\ecomwithcqrs\ecom.utility.tests\bin\debug\ecom.utility.tests.dll" id="04481d99-8b24-ce0e-4b63-29009813e4cf">
      <Execution id="2deceab8-0358-426d-9fe1-f12ea53a93cd" />
      <TestMethod codeBase="C:/Users/Harry/Dropbox/Code/EComWithCQRS/ECom.Utility.Tests/bin/Debug/ECom.Utility.Tests.DLL" adapterTypeName="Microsoft.VisualStudio.TestTools.TestTypes.Unit.UnitTestAdapter, Microsoft.VisualStudio.QualityTools.Tips.UnitTest.Adapter, Version=10.0.0.0, Culture=neutral, PublicKeyToken=b03f5f7f11d50a3a" className="ECom.Utility.Tests.ArgumentTests, ECom.Utility.Tests, Version=1.0.0.0, Culture=neutral, PublicKeyToken=null" name="Argument_PassedTrueCondition_ShouldNotThrowException" />
    </UnitTest>
    <UnitTest name="Argument_PassedNotEmptyGuidExpression_ShouldNotThrowException" storage="c:\users\harry\dropbox\code\ecomwithcqrs\ecom.utility.tests\bin\debug\ecom.utility.tests.dll" id="030a41f6-f2c7-d276-5729-c0592bc957ba">
      <Execution id="20199ad8-d2c2-470e-a93c-ffe11d5889d0" />
      <TestMethod codeBase="C:/Users/Harry/Dropbox/Code/EComWithCQRS/ECom.Utility.Tests/bin/Debug/ECom.Utility.Tests.DLL" adapterTypeName="Microsoft.VisualStudio.TestTools.TestTypes.Unit.UnitTestAdapter, Microsoft.VisualStudio.QualityTools.Tips.UnitTest.Adapter, Version=10.0.0.0, Culture=neutral, PublicKeyToken=b03f5f7f11d50a3a" className="ECom.Utility.Tests.ArgumentTests, ECom.Utility.Tests, Version=1.0.0.0, Culture=neutral, PublicKeyToken=null" name="Argument_PassedNotEmptyGuidExpression_ShouldNotThrowException" />
    </UnitTest>
    <UnitTest name="Argument_PassedNullExpression_ShouldThrowException" storage="c:\users\harry\dropbox\code\ecomwithcqrs\ecom.utility.tests\bin\debug\ecom.utility.tests.dll" id="6c07353f-3558-7dbc-956b-054b7a5ea429">
      <Execution id="56434ee4-e95e-4f45-98dc-20d93969b5b8" />
      <TestMethod codeBase="C:/Users/Harry/Dropbox/Code/EComWithCQRS/ECom.Utility.Tests/bin/Debug/ECom.Utility.Tests.DLL" adapterTypeName="Microsoft.VisualStudio.TestTools.TestTypes.Unit.UnitTestAdapter, Microsoft.VisualStudio.QualityTools.Tips.UnitTest.Adapter, Version=10.0.0.0, Culture=neutral, PublicKeyToken=b03f5f7f11d50a3a" className="ECom.Utility.Tests.ArgumentTests, ECom.Utility.Tests, Version=1.0.0.0, Culture=neutral, PublicKeyToken=null" name="Argument_PassedNullExpression_ShouldThrowException" />
    </UnitTest>
    <UnitTest name="Argument_PassedNullStringExpression_ShouldThrowException" storage="c:\users\harry\dropbox\code\ecomwithcqrs\ecom.utility.tests\bin\debug\ecom.utility.tests.dll" id="33df93cd-3a66-5bec-5e7f-956114463e88">
      <Execution id="f47ae5f5-b9e1-4ab2-bb34-3f65bae96a31" />
      <TestMethod codeBase="C:/Users/Harry/Dropbox/Code/EComWithCQRS/ECom.Utility.Tests/bin/Debug/ECom.Utility.Tests.DLL" adapterTypeName="Microsoft.VisualStudio.TestTools.TestTypes.Unit.UnitTestAdapter, Microsoft.VisualStudio.QualityTools.Tips.UnitTest.Adapter, Version=10.0.0.0, Culture=neutral, PublicKeyToken=b03f5f7f11d50a3a" className="ECom.Utility.Tests.ArgumentTests, ECom.Utility.Tests, Version=1.0.0.0, Culture=neutral, PublicKeyToken=null" name="Argument_PassedNullStringExpression_ShouldThrowException" />
    </UnitTest>
    <UnitTest name="Argument_PassedEmptyString_ShouldThrowException" storage="c:\users\harry\dropbox\code\ecomwithcqrs\ecom.utility.tests\bin\debug\ecom.utility.tests.dll" id="63697fcb-a4ce-89d3-f119-958ddc0bc56b">
      <Execution id="79d8632e-a75f-446d-aef6-77b31302170e" />
      <TestMethod codeBase="C:/Users/Harry/Dropbox/Code/EComWithCQRS/ECom.Utility.Tests/bin/Debug/ECom.Utility.Tests.DLL" adapterTypeName="Microsoft.VisualStudio.TestTools.TestTypes.Unit.UnitTestAdapter, Microsoft.VisualStudio.QualityTools.Tips.UnitTest.Adapter, Version=10.0.0.0, Culture=neutral, PublicKeyToken=b03f5f7f11d50a3a" className="ECom.Utility.Tests.ArgumentTests, ECom.Utility.Tests, Version=1.0.0.0, Culture=neutral, PublicKeyToken=null" name="Argument_PassedEmptyString_ShouldThrowException" />
    </UnitTest>
    <UnitTest name="Argument_PassedNull_ShouldThrowException" storage="c:\users\harry\dropbox\code\ecomwithcqrs\ecom.utility.tests\bin\debug\ecom.utility.tests.dll" id="a043125e-cfce-1409-16b4-37940b1b0668">
      <Execution id="f8ea2886-4be3-4bdf-963b-31756b59e663" />
      <TestMethod codeBase="C:/Users/Harry/Dropbox/Code/EComWithCQRS/ECom.Utility.Tests/bin/Debug/ECom.Utility.Tests.DLL" adapterTypeName="Microsoft.VisualStudio.TestTools.TestTypes.Unit.UnitTestAdapter, Microsoft.VisualStudio.QualityTools.Tips.UnitTest.Adapter, Version=10.0.0.0, Culture=neutral, PublicKeyToken=b03f5f7f11d50a3a" className="ECom.Utility.Tests.ArgumentTests, ECom.Utility.Tests, Version=1.0.0.0, Culture=neutral, PublicKeyToken=null" name="Argument_PassedNull_ShouldThrowException" />
    </UnitTest>
    <UnitTest name="Argument_PassedWhiteSpaceStringExpression_ShouldThrowException" storage="c:\users\harry\dropbox\code\ecomwithcqrs\ecom.utility.tests\bin\debug\ecom.utility.tests.dll" id="b0032b49-7d8c-7fec-62a0-63d2dcec42e1">
      <Execution id="6aa74e3c-d9d7-4a6d-815c-a24ee5feaa51" />
      <TestMethod codeBase="C:/Users/Harry/Dropbox/Code/EComWithCQRS/ECom.Utility.Tests/bin/Debug/ECom.Utility.Tests.DLL" adapterTypeName="Microsoft.VisualStudio.TestTools.TestTypes.Unit.UnitTestAdapter, Microsoft.VisualStudio.QualityTools.Tips.UnitTest.Adapter, Version=10.0.0.0, Culture=neutral, PublicKeyToken=b03f5f7f11d50a3a" className="ECom.Utility.Tests.ArgumentTests, ECom.Utility.Tests, Version=1.0.0.0, Culture=neutral, PublicKeyToken=null" name="Argument_PassedWhiteSpaceStringExpression_ShouldThrowException" />
    </UnitTest>
    <UnitTest name="Argument_PassedFalseCondition_ShouldThrowException" storage="c:\users\harry\dropbox\code\ecomwithcqrs\ecom.utility.tests\bin\debug\ecom.utility.tests.dll" id="33cc7ba4-a102-772e-b938-657f62254a7e">
      <Execution id="f42a51eb-bd91-43c8-a704-d40f95f62d7a" />
      <TestMethod codeBase="C:/Users/Harry/Dropbox/Code/EComWithCQRS/ECom.Utility.Tests/bin/Debug/ECom.Utility.Tests.DLL" adapterTypeName="Microsoft.VisualStudio.TestTools.TestTypes.Unit.UnitTestAdapter, Microsoft.VisualStudio.QualityTools.Tips.UnitTest.Adapter, Version=10.0.0.0, Culture=neutral, PublicKeyToken=b03f5f7f11d50a3a" className="ECom.Utility.Tests.ArgumentTests, ECom.Utility.Tests, Version=1.0.0.0, Culture=neutral, PublicKeyToken=null" name="Argument_PassedFalseCondition_ShouldThrowException" />
    </UnitTest>
    <UnitTest name="Argument_PassedNotNullObjectExpression_ShouldNotThrowException" storage="c:\users\harry\dropbox\code\ecomwithcqrs\ecom.utility.tests\bin\debug\ecom.utility.tests.dll" id="c94e2f0a-5d90-c7b2-7de8-84f41c8c74d8">
      <Execution id="c19ce0ba-68e2-478d-a665-3569e99e94c3" />
      <TestMethod codeBase="C:/Users/Harry/Dropbox/Code/EComWithCQRS/ECom.Utility.Tests/bin/Debug/ECom.Utility.Tests.DLL" adapterTypeName="Microsoft.VisualStudio.TestTools.TestTypes.Unit.UnitTestAdapter, Microsoft.VisualStudio.QualityTools.Tips.UnitTest.Adapter, Version=10.0.0.0, Culture=neutral, PublicKeyToken=b03f5f7f11d50a3a" className="ECom.Utility.Tests.ArgumentTests, ECom.Utility.Tests, Version=1.0.0.0, Culture=neutral, PublicKeyToken=null" name="Argument_PassedNotNullObjectExpression_ShouldNotThrowException" />
    </UnitTest>
    <UnitTest name="Argument_PassedNullString_ShouldThrowException" storage="c:\users\harry\dropbox\code\ecomwithcqrs\ecom.utility.tests\bin\debug\ecom.utility.tests.dll" id="e64571bc-af6a-966c-4775-36fa2d416269">
      <Execution id="68af4982-2e5e-4625-8659-0426690385d6" />
      <TestMethod codeBase="C:/Users/Harry/Dropbox/Code/EComWithCQRS/ECom.Utility.Tests/bin/Debug/ECom.Utility.Tests.DLL" adapterTypeName="Microsoft.VisualStudio.TestTools.TestTypes.Unit.UnitTestAdapter, Microsoft.VisualStudio.QualityTools.Tips.UnitTest.Adapter, Version=10.0.0.0, Culture=neutral, PublicKeyToken=b03f5f7f11d50a3a" className="ECom.Utility.Tests.ArgumentTests, ECom.Utility.Tests, Version=1.0.0.0, Culture=neutral, PublicKeyToken=null" name="Argument_PassedNullString_ShouldThrowException" />
    </UnitTest>
  </TestDefinitions>
  <TestLists>
    <TestList name="Results Not in a List" id="8c84fa94-04c1-424b-9868-57a2d4851a1d" />
    <TestList name="All Loaded Results" id="19431567-8539-422a-85d7-44ee4e166bda" />
  </TestLists>
  <TestEntries>
    <TestEntry testId="a043125e-cfce-1409-16b4-37940b1b0668" executionId="f8ea2886-4be3-4bdf-963b-31756b59e663" testListId="8c84fa94-04c1-424b-9868-57a2d4851a1d" />
    <TestEntry testId="63697fcb-a4ce-89d3-f119-958ddc0bc56b" executionId="79d8632e-a75f-446d-aef6-77b31302170e" testListId="8c84fa94-04c1-424b-9868-57a2d4851a1d" />
    <TestEntry testId="e64571bc-af6a-966c-4775-36fa2d416269" executionId="68af4982-2e5e-4625-8659-0426690385d6" testListId="8c84fa94-04c1-424b-9868-57a2d4851a1d" />
    <TestEntry testId="30f4accc-0ebe-c8de-e4c7-1581b4516403" executionId="89298d29-7dd6-40ce-9edd-936c15fa5396" testListId="8c84fa94-04c1-424b-9868-57a2d4851a1d" />
    <TestEntry testId="6c07353f-3558-7dbc-956b-054b7a5ea429" executionId="56434ee4-e95e-4f45-98dc-20d93969b5b8" testListId="8c84fa94-04c1-424b-9868-57a2d4851a1d" />
    <TestEntry testId="0c6770b8-b914-078b-4c5e-6b069bb0caaf" executionId="c2cd901b-1751-44c7-8313-63029115d39e" testListId="8c84fa94-04c1-424b-9868-57a2d4851a1d" />
    <TestEntry testId="33df93cd-3a66-5bec-5e7f-956114463e88" executionId="f47ae5f5-b9e1-4ab2-bb34-3f65bae96a31" testListId="8c84fa94-04c1-424b-9868-57a2d4851a1d" />
    <TestEntry testId="b0032b49-7d8c-7fec-62a0-63d2dcec42e1" executionId="6aa74e3c-d9d7-4a6d-815c-a24ee5feaa51" testListId="8c84fa94-04c1-424b-9868-57a2d4851a1d" />
    <TestEntry testId="f6dc3825-5fde-f1c3-46eb-a2127c952849" executionId="e15fc123-730b-4833-bb29-dea019789b39" testListId="8c84fa94-04c1-424b-9868-57a2d4851a1d" />
    <TestEntry testId="35614b8e-8426-353c-4721-aef5a1b85d42" executionId="364e27e0-2504-444e-8df3-e07a1d824c74" testListId="8c84fa94-04c1-424b-9868-57a2d4851a1d" />
    <TestEntry testId="c94e2f0a-5d90-c7b2-7de8-84f41c8c74d8" executionId="c19ce0ba-68e2-478d-a665-3569e99e94c3" testListId="8c84fa94-04c1-424b-9868-57a2d4851a1d" />
    <TestEntry testId="030a41f6-f2c7-d276-5729-c0592bc957ba" executionId="20199ad8-d2c2-470e-a93c-ffe11d5889d0" testListId="8c84fa94-04c1-424b-9868-57a2d4851a1d" />
    <TestEntry testId="33cc7ba4-a102-772e-b938-657f62254a7e" executionId="f42a51eb-bd91-43c8-a704-d40f95f62d7a" testListId="8c84fa94-04c1-424b-9868-57a2d4851a1d" />
    <TestEntry testId="04481d99-8b24-ce0e-4b63-29009813e4cf" executionId="2deceab8-0358-426d-9fe1-f12ea53a93cd" testListId="8c84fa94-04c1-424b-9868-57a2d4851a1d" />
  </TestEntries>
  <Results>
    <UnitTestResult executionId="f8ea2886-4be3-4bdf-963b-31756b59e663" testId="a043125e-cfce-1409-16b4-37940b1b0668" testName="Argument_PassedNull_ShouldThrowException" computerName="HARRY-HP" duration="00:00:00.0183168" startTime="2012-04-10T13:49:00.5828118+03:00" endTime="2012-04-10T13:49:00.8348263+03:00" testType="13cdc9d9-ddb5-4fa4-a97d-d965ccfc6d4b" outcome="Passed" testListId="8c84fa94-04c1-424b-9868-57a2d4851a1d" relativeResultsDirectory="f8ea2886-4be3-4bdf-963b-31756b59e663">
    </UnitTestResult>
    <UnitTestResult executionId="79d8632e-a75f-446d-aef6-77b31302170e" testId="63697fcb-a4ce-89d3-f119-958ddc0bc56b" testName="Argument_PassedEmptyString_ShouldThrowException" computerName="HARRY-HP" duration="00:00:00.0005032" startTime="2012-04-10T13:49:00.8408266+03:00" endTime="2012-04-10T13:49:00.8448268+03:00" testType="13cdc9d9-ddb5-4fa4-a97d-d965ccfc6d4b" outcome="Passed" testListId="8c84fa94-04c1-424b-9868-57a2d4851a1d" relativeResultsDirectory="79d8632e-a75f-446d-aef6-77b31302170e">
    </UnitTestResult>
    <UnitTestResult executionId="68af4982-2e5e-4625-8659-0426690385d6" testId="e64571bc-af6a-966c-4775-36fa2d416269" testName="Argument_PassedNullString_ShouldThrowException" computerName="HARRY-HP" duration="00:00:00.0004503" startTime="2012-04-10T13:49:00.8498271+03:00" endTime="2012-04-10T13:49:00.8558275+03:00" testType="13cdc9d9-ddb5-4fa4-a97d-d965ccfc6d4b" outcome="Passed" testListId="8c84fa94-04c1-424b-9868-57a2d4851a1d" relativeResultsDirectory="68af4982-2e5e-4625-8659-0426690385d6">
    </UnitTestResult>
    <UnitTestResult executionId="89298d29-7dd6-40ce-9edd-936c15fa5396" testId="30f4accc-0ebe-c8de-e4c7-1581b4516403" testName="Argument_PassedWhiteSpaceString_ShouldThrowException" computerName="HARRY-HP" duration="00:00:00.0005822" startTime="2012-04-10T13:49:00.8588276+03:00" endTime="2012-04-10T13:49:00.8638279+03:00" testType="13cdc9d9-ddb5-4fa4-a97d-d965ccfc6d4b" outcome="Passed" testListId="8c84fa94-04c1-424b-9868-57a2d4851a1d" relativeResultsDirectory="89298d29-7dd6-40ce-9edd-936c15fa5396">
    </UnitTestResult>
    <UnitTestResult executionId="56434ee4-e95e-4f45-98dc-20d93969b5b8" testId="6c07353f-3558-7dbc-956b-054b7a5ea429" testName="Argument_PassedNullExpression_ShouldThrowException" computerName="HARRY-HP" duration="00:00:00.0028862" startTime="2012-04-10T13:49:00.8688282+03:00" endTime="2012-04-10T13:49:00.8768287+03:00" testType="13cdc9d9-ddb5-4fa4-a97d-d965ccfc6d4b" outcome="Passed" testListId="8c84fa94-04c1-424b-9868-57a2d4851a1d" relativeResultsDirectory="56434ee4-e95e-4f45-98dc-20d93969b5b8">
    </UnitTestResult>
    <UnitTestResult executionId="c2cd901b-1751-44c7-8313-63029115d39e" testId="0c6770b8-b914-078b-4c5e-6b069bb0caaf" testName="Argument_PassedEmptyStringExpression_ShouldThrowException" computerName="HARRY-HP" duration="00:00:00.0013330" startTime="2012-04-10T13:49:00.8788288+03:00" endTime="2012-04-10T13:49:00.8838291+03:00" testType="13cdc9d9-ddb5-4fa4-a97d-d965ccfc6d4b" outcome="Passed" testListId="8c84fa94-04c1-424b-9868-57a2d4851a1d" relativeResultsDirectory="c2cd901b-1751-44c7-8313-63029115d39e">
    </UnitTestResult>
    <UnitTestResult executionId="f47ae5f5-b9e1-4ab2-bb34-3f65bae96a31" testId="33df93cd-3a66-5bec-5e7f-956114463e88" testName="Argument_PassedNullStringExpression_ShouldThrowException" computerName="HARRY-HP" duration="00:00:00.0014419" startTime="2012-04-10T13:49:00.8858292+03:00" endTime="2012-04-10T13:49:00.8908295+03:00" testType="13cdc9d9-ddb5-4fa4-a97d-d965ccfc6d4b" outcome="Passed" testListId="8c84fa94-04c1-424b-9868-57a2d4851a1d" relativeResultsDirectory="f47ae5f5-b9e1-4ab2-bb34-3f65bae96a31">
    </UnitTestResult>
    <UnitTestResult executionId="6aa74e3c-d9d7-4a6d-815c-a24ee5feaa51" testId="b0032b49-7d8c-7fec-62a0-63d2dcec42e1" testName="Argument_PassedWhiteSpaceStringExpression_ShouldThrowException" computerName="HARRY-HP" duration="00:00:00.0011767" startTime="2012-04-10T13:49:00.8938296+03:00" endTime="2012-04-10T13:49:00.8998300+03:00" testType="13cdc9d9-ddb5-4fa4-a97d-d965ccfc6d4b" outcome="Passed" testListId="8c84fa94-04c1-424b-9868-57a2d4851a1d" relativeResultsDirectory="6aa74e3c-d9d7-4a6d-815c-a24ee5feaa51">
    </UnitTestResult>
    <UnitTestResult executionId="e15fc123-730b-4833-bb29-dea019789b39" testId="f6dc3825-5fde-f1c3-46eb-a2127c952849" testName="Argument_PassedEmptyGuidStringExpression_ShouldThrowException" computerName="HARRY-HP" duration="00:00:00.0013290" startTime="2012-04-10T13:49:00.9028302+03:00" endTime="2012-04-10T13:49:00.9068304+03:00" testType="13cdc9d9-ddb5-4fa4-a97d-d965ccfc6d4b" outcome="Passed" testListId="8c84fa94-04c1-424b-9868-57a2d4851a1d" relativeResultsDirectory="e15fc123-730b-4833-bb29-dea019789b39">
    </UnitTestResult>
    <UnitTestResult executionId="364e27e0-2504-444e-8df3-e07a1d824c74" testId="35614b8e-8426-353c-4721-aef5a1b85d42" testName="Argument_PassedNotEmptyStringExpression_ShouldNotThrowException" computerName="HARRY-HP" duration="00:00:00.0013267" startTime="2012-04-10T13:49:00.9088305+03:00" endTime="2012-04-10T13:49:00.9148308+03:00" testType="13cdc9d9-ddb5-4fa4-a97d-d965ccfc6d4b" outcome="Passed" testListId="8c84fa94-04c1-424b-9868-57a2d4851a1d" relativeResultsDirectory="364e27e0-2504-444e-8df3-e07a1d824c74">
    </UnitTestResult>
    <UnitTestResult executionId="c19ce0ba-68e2-478d-a665-3569e99e94c3" testId="c94e2f0a-5d90-c7b2-7de8-84f41c8c74d8" testName="Argument_PassedNotNullObjectExpression_ShouldNotThrowException" computerName="HARRY-HP" duration="00:00:00.0008506" startTime="2012-04-10T13:49:00.9168310+03:00" endTime="2012-04-10T13:49:00.9208312+03:00" testType="13cdc9d9-ddb5-4fa4-a97d-d965ccfc6d4b" outcome="Passed" testListId="8c84fa94-04c1-424b-9868-57a2d4851a1d" relativeResultsDirectory="c19ce0ba-68e2-478d-a665-3569e99e94c3">
    </UnitTestResult>
    <UnitTestResult executionId="20199ad8-d2c2-470e-a93c-ffe11d5889d0" testId="030a41f6-f2c7-d276-5729-c0592bc957ba" testName="Argument_PassedNotEmptyGuidExpression_ShouldNotThrowException" computerName="HARRY-HP" duration="00:00:00.0008810" startTime="2012-04-10T13:49:00.9248314+03:00" endTime="2012-04-10T13:49:00.9288316+03:00" testType="13cdc9d9-ddb5-4fa4-a97d-d965ccfc6d4b" outcome="Passed" testListId="8c84fa94-04c1-424b-9868-57a2d4851a1d" relativeResultsDirectory="20199ad8-d2c2-470e-a93c-ffe11d5889d0">
    </UnitTestResult>
    <UnitTestResult executionId="f42a51eb-bd91-43c8-a704-d40f95f62d7a" testId="33cc7ba4-a102-772e-b938-657f62254a7e" testName="Argument_PassedFalseCondition_ShouldThrowException" computerName="HARRY-HP" duration="00:00:00.0007811" startTime="2012-04-10T13:49:00.9308318+03:00" endTime="2012-04-10T13:49:00.9348320+03:00" testType="13cdc9d9-ddb5-4fa4-a97d-d965ccfc6d4b" outcome="Passed" testListId="8c84fa94-04c1-424b-9868-57a2d4851a1d" relativeResultsDirectory="f42a51eb-bd91-43c8-a704-d40f95f62d7a">
    </UnitTestResult>
    <UnitTestResult executionId="2deceab8-0358-426d-9fe1-f12ea53a93cd" testId="04481d99-8b24-ce0e-4b63-29009813e4cf" testName="Argument_PassedTrueCondition_ShouldNotThrowException" computerName="HARRY-HP" duration="00:00:00.0003331" startTime="2012-04-10T13:49:00.9378322+03:00" endTime="2012-04-10T13:49:00.9418324+03:00" testType="13cdc9d9-ddb5-4fa4-a97d-d965ccfc6d4b" outcome="Passed" testListId="8c84fa94-04c1-424b-9868-57a2d4851a1d" relativeResultsDirectory="2deceab8-0358-426d-9fe1-f12ea53a93cd">
    </UnitTestResult>
  </Results>
</TestRun>